wandb: [wandb.login()] Loaded credentials for https://api.wandb.ai from /Users/robertonavoni/.netrc.
wandb: Currently logged in as: virtualrobotix to https://api.wandb.ai. Use `wandb login --relogin` to force relogin
wandb: setting up run zerzvgqh
wandb: Tracking run with wandb version 0.30.0
wandb: Run data is saved locally in /Users/robertonavoni/Desktop/Lavoro/Progetti-2026/Progetti Software/microduck-ap-ppo-sitl/wandb/run-20260929_220448-zerzvgqh
wandb: Run `wandb offline` to turn off syncing.
wandb: Syncing run velocity_mlp_int8_getup
wandb: ⭐️ View project at https://wandb.ai/virtualrobotix/mjlab_microban
wandb: 🚀 View run at https://wandb.ai/virtualrobotix/mjlab_microban/runs/zerzvgqh
/Users/robertonavoni/Desktop/Lavoro/Progetti-2026/Progetti Software/microduck-ap-ppo-sitl/tools/robots/train_velocity.py:746: UserWarning: Converting a tensor with requires_grad=True to a scalar may lead to unexpected behavior.
Consider using tensor.detach() first. (Triggered internally at /Users/runner/work/pytorch/pytorch/torch/csrc/autograd/generated/python_variable_methods.cpp:821.)
  "Policy/mean_std": float(log_std.exp().mean()),
resumed from robots/microban/policies/getup_run/getup_it1000.pt at iteration 1000; std 0.246
gesture getup: std [0.30000001192092896, 0.30000001192092896, 0.30000001192092896, 0.25, 0.25, 0.25, 0.25, 0.25, 0.25, 0.30000001192092896, 0.30000001192092896, 0.30000001192092896, 0.25, 0.25, 0.25, 0.25, 0.25, 0.25] (capped), fixed learning rate
wandb: https://wandb.ai/virtualrobotix/mjlab_microban/runs/zerzvgqh
it 1001/4000  reward     nan  ep_len    nan  fell    0  err_xy 0.113  std 0.267  lr 1.0e-05  fps   8258     1.5s
it 1002/4000  reward     nan  ep_len    nan  fell    0  err_xy 0.066  std 0.267  lr 5.1e-05  fps   8819     2.9s
it 1003/4000  reward     nan  ep_len    nan  fell    0  err_xy 0.032  std 0.267  lr 7.6e-05  fps   9060     4.2s
it 1004/4000  reward     nan  ep_len    nan  fell    0  err_xy 0.024  std 0.267  lr 5.1e-05  fps   8835     5.6s
it 1005/4000  reward     nan  ep_len    nan  fell    0  err_xy 0.021  std 0.266  lr 1.1e-04  fps   9055     7.0s
it 1006/4000  reward     nan  ep_len    nan  fell    0  err_xy 0.019  std 0.266  lr 5.1e-05  fps   8859     8.4s
it 1007/4000  reward     nan  ep_len    nan  fell    0  err_xy 0.018  std 0.266  lr 3.4e-05  fps   8814     9.8s
it 1008/4000  reward     nan  ep_len    nan  fell    0  err_xy 0.017  std 0.266  lr 7.6e-05  fps   9063    11.1s
it 1009/4000  reward     nan  ep_len    nan  fell    0  err_xy 0.017  std 0.266  lr 3.4e-05  fps   9176    12.5s
it 1010/4000  reward     nan  ep_len    nan  fell    0  err_xy 0.020  std 0.266  lr 2.3e-05  fps   9059    13.8s
it 1011/4000  reward     nan  ep_len    nan  fell    0  err_xy 0.024  std 0.266  lr 7.6e-05  fps   9032    15.2s
it 1012/4000  reward     nan  ep_len    nan  fell    0  err_xy 0.030  std 0.266  lr 1.1e-04  fps   9283    16.5s
it 1013/4000  reward   12.30  ep_len  300.0  fell    0  err_xy 0.076  std 0.266  lr 1.0e-05  fps   6677    18.4s
it 1014/4000  reward     nan  ep_len    nan  fell    0  err_xy 0.084  std 0.266  lr 1.5e-05  fps   8748    19.8s
it 1015/4000  reward     nan  ep_len    nan  fell    0  err_xy 0.038  std 0.266  lr 1.5e-05  fps   8292    21.2s
it 1016/4000  reward     nan  ep_len    nan  fell    0  err_xy 0.022  std 0.266  lr 5.1e-05  fps   8803    22.6s
it 1017/4000  reward     nan  ep_len    nan  fell    0  err_xy 0.019  std 0.266  lr 1.1e-04  fps   8558    24.1s
it 1018/4000  reward     nan  ep_len    nan  fell    0  err_xy 0.018  std 0.266  lr 5.1e-05  fps   8590    25.5s
it 1019/4000  reward     nan  ep_len    nan  fell    0  err_xy 0.018  std 0.266  lr 7.6e-05  fps   8815    26.9s
it 1020/4000  reward     nan  ep_len    nan  fell    0  err_xy 0.016  std 0.266  lr 7.6e-05  fps   8883    28.3s
it 1021/4000  reward     nan  ep_len    nan  fell    0  err_xy 0.016  std 0.266  lr 3.4e-05  fps   8836    29.7s
it 1022/4000  reward     nan  ep_len    nan  fell    0  err_xy 0.016  std 0.266  lr 2.3e-05  fps   8809    31.1s
it 1023/4000  reward     nan  ep_len    nan  fell    0  err_xy 0.015  std 0.265  lr 7.6e-05  fps   9055    32.4s
it 1024/4000  reward     nan  ep_len    nan  fell    0  err_xy 0.016  std 0.265  lr 2.3e-05  fps   9060    33.8s
it 1025/4000  reward   14.03  ep_len  300.0  fell    0  err_xy 0.019  std 0.265  lr 5.1e-05  fps   6643    35.6s
it 1026/4000  reward     nan  ep_len    nan  fell    0  err_xy 0.125  std 0.265  lr 1.0e-05  fps   9156    37.0s
it 1027/4000  reward     nan  ep_len    nan  fell    0  err_xy 0.064  std 0.265  lr 1.0e-05  fps   9051    38.4s
it 1028/4000  reward     nan  ep_len    nan  fell    0  err_xy 0.033  std 0.265  lr 2.3e-05  fps   8880    39.7s
it 1029/4000  reward     nan  ep_len    nan  fell    0  err_xy 0.025  std 0.265  lr 2.3e-05  fps   9030    41.1s
it 1030/4000  reward     nan  ep_len    nan  fell    0  err_xy 0.020  std 0.265  lr 3.4e-05  fps   8843    42.5s
it 1031/4000  reward     nan  ep_len    nan  fell    0  err_xy 0.019  std 0.265  lr 7.6e-05  fps   8994    43.9s
it 1032/4000  reward     nan  ep_len    nan  fell    0  err_xy 0.019  std 0.265  lr 5.1e-05  fps   8982    45.2s
it 1033/4000  reward     nan  ep_len    nan  fell    0  err_xy 0.016  std 0.265  lr 5.1e-05  fps   9001    46.6s
it 1034/4000  reward     nan  ep_len    nan  fell    0  err_xy 0.016  std 0.265  lr 5.1e-05  fps   9063    47.9s
it 1035/4000  reward     nan  ep_len    nan  fell    0  err_xy 0.016  std 0.265  lr 5.1e-05  fps   9083    49.3s
it 1036/4000  reward     nan  ep_len    nan  fell    0  err_xy 0.015  std 0.265  lr 7.6e-05  fps   9000    50.7s
it 1037/4000  reward     nan  ep_len    nan  fell    0  err_xy 0.015  std 0.265  lr 7.6e-05  fps   9122    52.0s
it 1038/4000  reward   12.75  ep_len  300.0  fell    0  err_xy 0.084  std 0.265  lr 1.0e-05  fps   6624    53.9s
it 1039/4000  reward     nan  ep_len    nan  fell    0  err_xy 0.089  std 0.265  lr 7.6e-05  fps   8750    55.3s
it 1040/4000  reward     nan  ep_len    nan  fell    0  err_xy 0.052  std 0.265  lr 3.4e-05  fps   8804    56.7s
it 1041/4000  reward     nan  ep_len    nan  fell    0  err_xy 0.028  std 0.265  lr 5.1e-05  fps   8761    58.1s
it 1042/4000  reward     nan  ep_len    nan  fell    0  err_xy 0.021  std 0.265  lr 3.4e-05  fps   8707    59.5s
it 1043/4000  reward     nan  ep_len    nan  fell    0  err_xy 0.019  std 0.265  lr 5.1e-05  fps   8558    60.9s
it 1044/4000  reward     nan  ep_len    nan  fell    0  err_xy 0.019  std 0.265  lr 1.1e-04  fps   8839    62.3s
it 1045/4000  reward     nan  ep_len    nan  fell    0  err_xy 0.017  std 0.265  lr 7.6e-05  fps   8895    63.7s
it 1046/4000  reward     nan  ep_len    nan  fell    0  err_xy 0.017  std 0.265  lr 7.6e-05  fps   8889    65.1s
it 1047/4000  reward     nan  ep_len    nan  fell    0  err_xy 0.016  std 0.265  lr 5.1e-05  fps   9017    66.5s
it 1048/4000  reward     nan  ep_len    nan  fell    0  err_xy 0.016  std 0.265  lr 1.1e-04  fps   8912    67.8s
it 1049/4000  reward     nan  ep_len    nan  fell    0  err_xy 0.016  std 0.265  lr 5.1e-05  fps   8945    69.2s
it 1050/4000  reward   13.18  ep_len  300.0  fell    0  err_xy 0.016  std 0.265  lr 5.1e-05  fps   6650    71.1s
it 1051/4000  reward     nan  ep_len    nan  fell    0  err_xy 0.111  std 0.265  lr 1.0e-05  fps   8888    72.4s
it 1052/4000  reward     nan  ep_len    nan  fell    0  err_xy 0.062  std 0.265  lr 1.0e-05  fps   8478    73.9s
it 1053/4000  reward     nan  ep_len    nan  fell    0  err_xy 0.033  std 0.265  lr 5.1e-05  fps   8359    75.4s
it 1054/4000  reward     nan  ep_len    nan  fell    0  err_xy 0.023  std 0.265  lr 7.6e-05  fps   8505    76.8s
it 1055/4000  reward     nan  ep_len    nan  fell    0  err_xy 0.020  std 0.265  lr 3.4e-05  fps   7997    78.3s
it 1056/4000  reward     nan  ep_len    nan  fell    0  err_xy 0.018  std 0.264  lr 7.6e-05  fps   8479    79.8s
it 1057/4000  reward     nan  ep_len    nan  fell    0  err_xy 0.016  std 0.264  lr 5.1e-05  fps   8611    81.2s
it 1058/4000  reward     nan  ep_len    nan  fell    0  err_xy 0.015  std 0.264  lr 1.0e-05  fps   8679    82.6s
it 1059/4000  reward     nan  ep_len    nan  fell    0  err_xy 0.015  std 0.264  lr 1.0e-05  fps   8051    84.2s
it 1060/4000  reward     nan  ep_len    nan  fell    0  err_xy 0.015  std 0.264  lr 2.3e-05  fps   8657    85.6s
it 1061/4000  reward     nan  ep_len    nan  fell    0  err_xy 0.016  std 0.264  lr 7.6e-05  fps   8708    87.0s
it 1062/4000  reward     nan  ep_len    nan  fell    0  err_xy 0.016  std 0.264  lr 1.0e-05  fps   8582    88.4s
it 1063/4000  reward   14.87  ep_len  300.0  fell    0  err_xy 0.077  std 0.264  lr 1.0e-05  fps   6544    90.3s
it 1064/4000  reward     nan  ep_len    nan  fell    0  err_xy 0.090  std 0.264  lr 1.0e-05  fps   9135    91.7s
it 1065/4000  reward     nan  ep_len    nan  fell    0  err_xy 0.045  std 0.264  lr 5.1e-05  fps   8977    93.0s
it 1066/4000  reward     nan  ep_len    nan  fell    0  err_xy 0.026  std 0.264  lr 5.1e-05  fps   9023    94.4s
it 1067/4000  reward     nan  ep_len    nan  fell    0  err_xy 0.023  std 0.264  lr 5.1e-05  fps   8997    95.8s
it 1068/4000  reward     nan  ep_len    nan  fell    0  err_xy 0.020  std 0.264  lr 5.1e-05  fps   9086    97.1s
it 1069/4000  reward     nan  ep_len    nan  fell    0  err_xy 0.018  std 0.264  lr 3.4e-05  fps   8919    98.5s
it 1070/4000  reward     nan  ep_len    nan  fell    0  err_xy 0.017  std 0.264  lr 3.4e-05  fps   8559    99.9s
it 1071/4000  reward     nan  ep_len    nan  fell    0  err_xy 0.016  std 0.264  lr 2.3e-05  fps   8920   101.3s
it 1072/4000  reward     nan  ep_len    nan  fell    0  err_xy 0.016  std 0.264  lr 7.6e-05  fps   9166   102.6s
it 1073/4000  reward     nan  ep_len    nan  fell    0  err_xy 0.017  std 0.264  lr 7.6e-05  fps   9010   104.0s
it 1074/4000  reward     nan  ep_len    nan  fell    0  err_xy 0.017  std 0.264  lr 1.0e-05  fps   8840   105.4s
it 1075/4000  reward   13.26  ep_len  300.0  fell    0  err_xy 0.020  std 0.264  lr 3.4e-05  fps   6382   107.3s
it 1076/4000  reward     nan  ep_len    nan  fell    0  err_xy 0.108  std 0.264  lr 1.0e-05  fps   8217   108.8s
it 1077/4000  reward     nan  ep_len    nan  fell    0  err_xy 0.054  std 0.264  lr 3.4e-05  fps   8295   110.3s
it 1078/4000  reward     nan  ep_len    nan  fell    0  err_xy 0.032  std 0.264  lr 1.5e-05  fps   8434   111.8s
it 1079/4000  reward     nan  ep_len    nan  fell    0  err_xy 0.024  std 0.264  lr 5.1e-05  fps   8339   113.2s
it 1080/4000  reward     nan  ep_len    nan  fell    0  err_xy 0.021  std 0.264  lr 1.5e-05  fps   8303   114.7s
it 1081/4000  reward     nan  ep_len    nan  fell    0  err_xy 0.019  std 0.264  lr 2.3e-05  fps   7416   116.4s
it 1082/4000  reward     nan  ep_len    nan  fell    0  err_xy 0.019  std 0.263  lr 7.6e-05  fps   7811   118.0s
it 1083/4000  reward     nan  ep_len    nan  fell    0  err_xy 0.018  std 0.263  lr 7.6e-05  fps   7847   119.5s
it 1084/4000  reward     nan  ep_len    nan  fell    0  err_xy 0.020  std 0.263  lr 5.1e-05  fps   7405   121.2s
it 1085/4000  reward     nan  ep_len    nan  fell    0  err_xy 0.021  std 0.263  lr 3.4e-05  fps   8064   122.7s
it 1086/4000  reward     nan  ep_len    nan  fell    0  err_xy 0.026  std 0.263  lr 7.6e-05  fps   7962   124.3s
it 1087/4000  reward     nan  ep_len    nan  fell    0  err_xy 0.031  std 0.263  lr 7.6e-05  fps   7554   125.9s
it 1088/4000  reward   16.21  ep_len  300.0  fell    0  err_xy 0.081  std 0.263  lr 1.0e-05  fps   6114   127.9s
it 1089/4000  reward     nan  ep_len    nan  fell    0  err_xy 0.076  std 0.263  lr 5.1e-05  fps   8770   129.3s
it 1090/4000  reward     nan  ep_len    nan  fell    0  err_xy 0.042  std 0.263  lr 1.0e-05  fps   8561   130.7s
it 1091/4000  reward     nan  ep_len    nan  fell    0  err_xy 0.025  std 0.263  lr 1.0e-05  fps   7714   132.3s
it 1092/4000  reward     nan  ep_len    nan  fell    0  err_xy 0.022  std 0.263  lr 2.3e-05  fps   8161   133.8s
it 1093/4000  reward     nan  ep_len    nan  fell    0  err_xy 0.021  std 0.263  lr 7.6e-05  fps   8477   135.3s
it 1094/4000  reward     nan  ep_len    nan  fell    0  err_xy 0.019  std 0.263  lr 1.5e-05  fps   8513   136.7s
it 1095/4000  reward     nan  ep_len    nan  fell    0  err_xy 0.018  std 0.263  lr 5.1e-05  fps   8432   138.2s
it 1096/4000  reward     nan  ep_len    nan  fell    0  err_xy 0.018  std 0.263  lr 5.1e-05  fps   8628   139.6s
it 1097/4000  reward     nan  ep_len    nan  fell    0  err_xy 0.020  std 0.263  lr 5.1e-05  fps   8810   141.0s
it 1098/4000  reward     nan  ep_len    nan  fell    0  err_xy 0.023  std 0.263  lr 5.1e-05  fps   8752   142.4s
it 1099/4000  reward     nan  ep_len    nan  fell    0  err_xy 0.026  std 0.263  lr 3.4e-05  fps   8906   143.8s
it 1100/4000  reward   14.20  ep_len  300.0  fell    0  err_xy 0.028  std 0.263  lr 7.6e-05  fps   6423   145.7s
it 1101/4000  reward     nan  ep_len    nan  fell    0  err_xy 0.126  std 0.263  lr 1.0e-05  fps   9034   147.1s
it 1102/4000  reward     nan  ep_len    nan  fell    0  err_xy 0.053  std 0.263  lr 1.5e-05  fps   8706   148.5s
it 1103/4000  reward     nan  ep_len    nan  fell    0  err_xy 0.032  std 0.263  lr 5.1e-05  fps   8532   149.9s
it 1104/4000  reward     nan  ep_len    nan  fell    0  err_xy 0.025  std 0.263  lr 3.4e-05  fps   8740   151.3s
it 1105/4000  reward     nan  ep_len    nan  fell    0  err_xy 0.022  std 0.263  lr 3.4e-05  fps   8455   152.8s
it 1106/4000  reward     nan  ep_len    nan  fell    0  err_xy 0.020  std 0.263  lr 5.1e-05  fps   8690   154.2s
it 1107/4000  reward     nan  ep_len    nan  fell    0  err_xy 0.019  std 0.263  lr 3.4e-05  fps   8650   155.6s
it 1108/4000  reward     nan  ep_len    nan  fell    0  err_xy 0.018  std 0.263  lr 5.1e-05  fps   8123   157.1s
it 1109/4000  reward     nan  ep_len    nan  fell    0  err_xy 0.018  std 0.263  lr 1.5e-05  fps   8622   158.6s
it 1110/4000  reward     nan  ep_len    nan  fell    0  err_xy 0.017  std 0.263  lr 3.4e-05  fps   8102   160.1s
it 1111/4000  reward     nan  ep_len    nan  fell    0  err_xy 0.017  std 0.263  lr 5.1e-05  fps   8183   161.6s
it 1112/4000  reward     nan  ep_len    nan  fell    0  err_xy 0.017  std 0.263  lr 5.1e-05  fps   8555   163.0s
it 1113/4000  reward   14.65  ep_len  300.0  fell    0  err_xy 0.083  std 0.263  lr 1.0e-05  fps   6400   164.9s
it 1114/4000  reward     nan  ep_len    nan  fell    0  err_xy 0.079  std 0.263  lr 1.0e-05  fps   8878   166.3s
it 1115/4000  reward     nan  ep_len    nan  fell    0  err_xy 0.042  std 0.263  lr 5.1e-05  fps   8660   167.8s
it 1116/4000  reward     nan  ep_len    nan  fell    0  err_xy 0.026  std 0.263  lr 3.4e-05  fps   8192   169.3s
it 1117/4000  reward     nan  ep_len    nan  fell    0  err_xy 0.023  std 0.263  lr 1.5e-05  fps   8577   170.7s
it 1118/4000  reward     nan  ep_len    nan  fell    0  err_xy 0.021  std 0.263  lr 7.6e-05  fps   8871   172.1s
it 1119/4000  reward     nan  ep_len    nan  fell    0  err_xy 0.019  std 0.262  lr 7.6e-05  fps   8872   173.5s
it 1120/4000  reward     nan  ep_len    nan  fell    0  err_xy 0.017  std 0.262  lr 7.6e-05  fps   8747   174.9s
it 1121/4000  reward     nan  ep_len    nan  fell    0  err_xy 0.016  std 0.262  lr 5.1e-05  fps   8518   176.3s
it 1122/4000  reward     nan  ep_len    nan  fell    0  err_xy 0.016  std 0.262  lr 3.4e-05  fps   8735   177.7s
it 1123/4000  reward     nan  ep_len    nan  fell    0  err_xy 0.015  std 0.262  lr 7.6e-05  fps   8710   179.1s
it 1124/4000  reward     nan  ep_len    nan  fell    0  err_xy 0.015  std 0.262  lr 5.1e-05  fps   8713   180.5s
it 1125/4000  reward   13.27  ep_len  300.0  fell    0  err_xy 0.014  std 0.262  lr 7.6e-05  fps   6666   182.4s
it 1126/4000  reward     nan  ep_len    nan  fell    0  err_xy 0.125  std 0.262  lr 1.0e-05  fps   8941   183.8s
it 1127/4000  reward     nan  ep_len    nan  fell    0  err_xy 0.051  std 0.262  lr 1.0e-05  fps   8334   185.2s
it 1128/4000  reward     nan  ep_len    nan  fell    0  err_xy 0.028  std 0.262  lr 3.4e-05  fps   7756   186.8s
it 1129/4000  reward     nan  ep_len    nan  fell    0  err_xy 0.023  std 0.262  lr 3.4e-05  fps   8805   188.2s
it 1130/4000  reward     nan  ep_len    nan  fell    0  err_xy 0.020  std 0.262  lr 5.1e-05  fps   8538   189.7s
it 1131/4000  reward     nan  ep_len    nan  fell    0  err_xy 0.019  std 0.262  lr 3.4e-05  fps   8934   191.0s
it 1132/4000  reward     nan  ep_len    nan  fell    0  err_xy 0.017  std 0.262  lr 7.6e-05  fps   8878   192.4s
it 1133/4000  reward     nan  ep_len    nan  fell    0  err_xy 0.016  std 0.262  lr 3.4e-05  fps   8821   193.8s
it 1134/4000  reward     nan  ep_len    nan  fell    0  err_xy 0.018  std 0.262  lr 7.6e-05  fps   8760   195.2s
it 1135/4000  reward     nan  ep_len    nan  fell    0  err_xy 0.017  std 0.262  lr 5.1e-05  fps   8987   196.6s
it 1136/4000  reward     nan  ep_len    nan  fell    0  err_xy 0.016  std 0.262  lr 3.4e-05  fps   8986   198.0s
it 1137/4000  reward     nan  ep_len    nan  fell    0  err_xy 0.015  std 0.262  lr 3.4e-05  fps   8762   199.4s
it 1138/4000  reward   14.05  ep_len  300.0  fell    0  err_xy 0.076  std 0.262  lr 1.0e-05  fps   6691   201.2s
it 1139/4000  reward     nan  ep_len    nan  fell    0  err_xy 0.077  std 0.262  lr 1.0e-05  fps   9106   202.5s
it 1140/4000  reward     nan  ep_len    nan  fell    0  err_xy 0.040  std 0.262  lr 5.1e-05  fps   8947   203.9s
it 1141/4000  reward     nan  ep_len    nan  fell    0  err_xy 0.025  std 0.262  lr 2.3e-05  fps   8508   205.4s
it 1142/4000  reward     nan  ep_len    nan  fell    0  err_xy 0.022  std 0.262  lr 5.1e-05  fps   8928   206.7s
it 1143/4000  reward     nan  ep_len    nan  fell    0  err_xy 0.021  std 0.262  lr 3.4e-05  fps   8864   208.1s
it 1144/4000  reward     nan  ep_len    nan  fell    0  err_xy 0.019  std 0.262  lr 5.1e-05  fps   8754   209.5s
it 1145/4000  reward     nan  ep_len    nan  fell    0  err_xy 0.016  std 0.262  lr 5.1e-05  fps   8924   210.9s
it 1146/4000  reward     nan  ep_len    nan  fell    0  err_xy 0.015  std 0.262  lr 5.1e-05  fps   9080   212.3s
it 1147/4000  reward     nan  ep_len    nan  fell    0  err_xy 0.015  std 0.261  lr 1.1e-04  fps   9072   213.6s
it 1148/4000  reward     nan  ep_len    nan  fell    0  err_xy 0.016  std 0.261  lr 5.1e-05  fps   8847   215.0s
it 1149/4000  reward     nan  ep_len    nan  fell    0  err_xy 0.017  std 0.261  lr 3.4e-05  fps   8984   216.4s
it 1150/4000  reward   13.06  ep_len  300.0  fell    0  err_xy 0.020  std 0.261  lr 1.5e-05  fps   6732   218.2s
it 1151/4000  reward     nan  ep_len    nan  fell    0  err_xy 0.124  std 0.261  lr 1.0e-05  fps   8978   219.6s
it 1152/4000  reward     nan  ep_len    nan  fell    0  err_xy 0.052  std 0.261  lr 7.6e-05  fps   8699   221.0s
it 1153/4000  reward     nan  ep_len    nan  fell    0  err_xy 0.027  std 0.261  lr 1.1e-04  fps   8710   222.4s
it 1154/4000  reward     nan  ep_len    nan  fell    0  err_xy 0.022  std 0.261  lr 7.6e-05  fps   8812   223.8s
it 1155/4000  reward     nan  ep_len    nan  fell    0  err_xy 0.022  std 0.261  lr 7.6e-05  fps   8299   225.3s
it 1156/4000  reward     nan  ep_len    nan  fell    0  err_xy 0.020  std 0.261  lr 2.3e-05  fps   8764   226.7s
it 1157/4000  reward     nan  ep_len    nan  fell    0  err_xy 0.017  std 0.261  lr 7.6e-05  fps   8822   228.1s
it 1158/4000  reward     nan  ep_len    nan  fell    0  err_xy 0.016  std 0.261  lr 5.1e-05  fps   8548   229.5s
it 1159/4000  reward     nan  ep_len    nan  fell    0  err_xy 0.016  std 0.261  lr 5.1e-05  fps   8586   231.0s
it 1160/4000  reward     nan  ep_len    nan  fell    0  err_xy 0.017  std 0.261  lr 5.1e-05  fps   8700   232.4s
it 1161/4000  reward     nan  ep_len    nan  fell    0  err_xy 0.020  std 0.261  lr 7.6e-05  fps   8804   233.8s
it 1162/4000  reward     nan  ep_len    nan  fell    0  err_xy 0.024  std 0.261  lr 3.4e-05  fps   8823   235.2s
it 1163/4000  reward   16.66  ep_len  300.0  fell    0  err_xy 0.087  std 0.261  lr 1.0e-05  fps   6592   237.0s
it 1164/4000  reward     nan  ep_len    nan  fell    0  err_xy 0.087  std 0.261  lr 1.0e-05  fps   9161   238.4s
it 1165/4000  reward     nan  ep_len    nan  fell    0  err_xy 0.039  std 0.261  lr 7.6e-05  fps   8726   239.8s
it 1166/4000  reward     nan  ep_len    nan  fell    0  err_xy 0.023  std 0.261  lr 1.5e-05  fps   8191   241.3s
it 1167/4000  reward     nan  ep_len    nan  fell    0  err_xy 0.021  std 0.261  lr 7.6e-05  fps   8714   242.7s
it 1168/4000  reward     nan  ep_len    nan  fell    0  err_xy 0.019  std 0.261  lr 2.3e-05  fps   8973   244.1s
it 1169/4000  reward     nan  ep_len    nan  fell    0  err_xy 0.018  std 0.261  lr 7.6e-05  fps   8855   245.4s
it 1170/4000  reward     nan  ep_len    nan  fell    0  err_xy 0.016  std 0.261  lr 3.4e-05  fps   9002   246.8s
it 1171/4000  reward     nan  ep_len    nan  fell    0  err_xy 0.015  std 0.261  lr 5.1e-05  fps   8913   248.2s
it 1172/4000  reward     nan  ep_len    nan  fell    0  err_xy 0.015  std 0.261  lr 5.1e-05  fps   8993   249.6s
it 1173/4000  reward     nan  ep_len    nan  fell    0  err_xy 0.017  std 0.260  lr 3.4e-05  fps   8868   250.9s
it 1174/4000  reward     nan  ep_len    nan  fell    0  err_xy 0.018  std 0.260  lr 3.4e-05  fps   9014   252.3s
it 1175/4000  reward   12.94  ep_len  300.0  fell    0  err_xy 0.022  std 0.260  lr 7.6e-05  fps   6648   254.2s
it 1176/4000  reward     nan  ep_len    nan  fell    0  err_xy 0.131  std 0.260  lr 1.0e-05  fps   9016   255.5s
it 1177/4000  reward     nan  ep_len    nan  fell    0  err_xy 0.051  std 0.260  lr 3.4e-05  fps   9083   256.9s
it 1178/4000  reward     nan  ep_len    nan  fell    0  err_xy 0.027  std 0.260  lr 2.3e-05  fps   8583   258.3s
it 1179/4000  reward     nan  ep_len    nan  fell    0  err_xy 0.021  std 0.260  lr 1.5e-05  fps   8724   259.7s
it 1180/4000  reward     nan  ep_len    nan  fell    0  err_xy 0.022  std 0.260  lr 7.6e-05  fps   8295   261.2s
it 1181/4000  reward     nan  ep_len    nan  fell    0  err_xy 0.021  std 0.260  lr 7.6e-05  fps   8711   262.6s
it 1182/4000  reward     nan  ep_len    nan  fell    0  err_xy 0.019  std 0.260  lr 7.6e-05  fps   8941   264.0s
it 1183/4000  reward     nan  ep_len    nan  fell    0  err_xy 0.017  std 0.260  lr 5.1e-05  fps   8810   265.4s
it 1184/4000  reward     nan  ep_len    nan  fell    0  err_xy 0.016  std 0.260  lr 3.4e-05  fps   8647   266.8s
it 1185/4000  reward     nan  ep_len    nan  fell    0  err_xy 0.016  std 0.260  lr 1.1e-04  fps   8922   268.2s
it 1186/4000  reward     nan  ep_len    nan  fell    0  err_xy 0.018  std 0.260  lr 7.6e-05  fps   8891   269.6s
it 1187/4000  reward     nan  ep_len    nan  fell    0  err_xy 0.019  std 0.260  lr 7.6e-05  fps   9052   270.9s
it 1188/4000  reward   13.85  ep_len  300.0  fell    0  err_xy 0.076  std 0.260  lr 1.0e-05  fps   6799   272.7s
it 1189/4000  reward     nan  ep_len    nan  fell    0  err_xy 0.076  std 0.260  lr 1.0e-05  fps   8888   274.1s
it 1190/4000  reward     nan  ep_len    nan  fell    0  err_xy 0.036  std 0.260  lr 5.1e-05  fps   8647   275.5s
it 1191/4000  reward     nan  ep_len    nan  fell    0  err_xy 0.022  std 0.260  lr 7.6e-05  fps   8764   276.9s
it 1192/4000  reward     nan  ep_len    nan  fell    0  err_xy 0.021  std 0.260  lr 2.3e-05  fps   8794   278.3s
it 1193/4000  reward     nan  ep_len    nan  fell    0  err_xy 0.019  std 0.260  lr 1.5e-05  fps   8520   279.8s
it 1194/4000  reward     nan  ep_len    nan  fell    0  err_xy 0.018  std 0.260  lr 7.6e-05  fps   8692   281.2s
it 1195/4000  reward     nan  ep_len    nan  fell    0  err_xy 0.018  std 0.260  lr 2.3e-05  fps   8808   282.6s
it 1196/4000  reward     nan  ep_len    nan  fell    0  err_xy 0.017  std 0.260  lr 7.6e-05  fps   8864   284.0s
it 1197/4000  reward     nan  ep_len    nan  fell    0  err_xy 0.016  std 0.260  lr 5.1e-05  fps   8716   285.4s
it 1198/4000  reward     nan  ep_len    nan  fell    0  err_xy 0.016  std 0.260  lr 7.6e-05  fps   8918   286.8s
it 1199/4000  reward     nan  ep_len    nan  fell    0  err_xy 0.017  std 0.260  lr 7.6e-05  fps   8907   288.2s
it 1200/4000  reward   16.06  ep_len  300.0  fell    0  err_xy 0.017  std 0.260  lr 3.4e-05  fps   6104   290.2s
eval iteration 1200:
  prone          success   0.0%  time 7.00s  peak_τ 0.54 Nm  return 3.64
  supine         success   0.0%  time 7.00s  peak_τ 0.40 Nm  return -0.12
  score 0.000
it 1201/4000  reward     nan  ep_len    nan  fell    0  err_xy 0.131  std 0.260  lr 1.0e-05  fps   9083   293.0s
it 1202/4000  reward     nan  ep_len    nan  fell    0  err_xy 0.068  std 0.260  lr 5.1e-05  fps   8795   294.4s
it 1203/4000  reward     nan  ep_len    nan  fell    0  err_xy 0.031  std 0.260  lr 5.1e-05  fps   8931   295.8s
it 1204/4000  reward     nan  ep_len    nan  fell    0  err_xy 0.022  std 0.260  lr 5.1e-05  fps   9035   297.2s
it 1205/4000  reward     nan  ep_len    nan  fell    0  err_xy 0.020  std 0.260  lr 3.4e-05  fps   8785   298.6s
it 1206/4000  reward     nan  ep_len    nan  fell    0  err_xy 0.018  std 0.260  lr 5.1e-05  fps   8977   300.0s
it 1207/4000  reward     nan  ep_len    nan  fell    0  err_xy 0.019  std 0.260  lr 1.1e-04  fps   8522   301.4s
it 1208/4000  reward     nan  ep_len    nan  fell    0  err_xy 0.017  std 0.260  lr 5.1e-05  fps   8776   302.8s
it 1209/4000  reward     nan  ep_len    nan  fell    0  err_xy 0.016  std 0.260  lr 7.6e-05  fps   8922   304.2s
it 1210/4000  reward     nan  ep_len    nan  fell    0  err_xy 0.015  std 0.259  lr 3.4e-05  fps   8900   305.6s
it 1211/4000  reward     nan  ep_len    nan  fell    0  err_xy 0.015  std 0.259  lr 3.4e-05  fps   8913   306.9s
it 1212/4000  reward     nan  ep_len    nan  fell    0  err_xy 0.015  std 0.259  lr 1.1e-04  fps   8981   308.3s
it 1213/4000  reward   14.75  ep_len  300.0  fell    0  err_xy 0.080  std 0.259  lr 1.0e-05  fps   6663   310.2s
it 1214/4000  reward     nan  ep_len    nan  fell    0  err_xy 0.085  std 0.259  lr 1.0e-05  fps   8880   311.5s
it 1215/4000  reward     nan  ep_len    nan  fell    0  err_xy 0.038  std 0.259  lr 2.3e-05  fps   8835   312.9s
it 1216/4000  reward     nan  ep_len    nan  fell    0  err_xy 0.023  std 0.259  lr 1.0e-05  fps   8934   314.3s
it 1217/4000  reward     nan  ep_len    nan  fell    0  err_xy 0.020  std 0.259  lr 5.1e-05  fps   8753   315.7s
it 1218/4000  reward     nan  ep_len    nan  fell    0  err_xy 0.019  std 0.259  lr 3.4e-05  fps   8749   317.1s
it 1219/4000  reward     nan  ep_len    nan  fell    0  err_xy 0.019  std 0.259  lr 7.6e-05  fps   8559   318.6s
it 1220/4000  reward     nan  ep_len    nan  fell    0  err_xy 0.018  std 0.259  lr 5.1e-05  fps   8872   319.9s
it 1221/4000  reward     nan  ep_len    nan  fell    0  err_xy 0.017  std 0.259  lr 3.4e-05  fps   8883   321.3s
it 1222/4000  reward     nan  ep_len    nan  fell    0  err_xy 0.016  std 0.259  lr 7.6e-05  fps   8857   322.7s
it 1223/4000  reward     nan  ep_len    nan  fell    0  err_xy 0.016  std 0.259  lr 7.6e-05  fps   8749   324.1s
it 1224/4000  reward     nan  ep_len    nan  fell    0  err_xy 0.016  std 0.259  lr 3.4e-05  fps   8886   325.5s
it 1225/4000  reward   13.14  ep_len  300.0  fell    0  err_xy 0.017  std 0.259  lr 2.3e-05  fps   6694   327.3s
it 1226/4000  reward     nan  ep_len    nan  fell    0  err_xy 0.105  std 0.259  lr 1.0e-05  fps   9006   328.7s
it 1227/4000  reward     nan  ep_len    nan  fell    0  err_xy 0.053  std 0.259  lr 7.6e-05  fps   8780   330.1s
it 1228/4000  reward     nan  ep_len    nan  fell    0  err_xy 0.027  std 0.259  lr 7.6e-05  fps   8771   331.5s
it 1229/4000  reward     nan  ep_len    nan  fell    0  err_xy 0.020  std 0.259  lr 3.4e-05  fps   8575   332.9s
it 1230/4000  reward     nan  ep_len    nan  fell    0  err_xy 0.018  std 0.259  lr 5.1e-05  fps   8646   334.4s
it 1231/4000  reward     nan  ep_len    nan  fell    0  err_xy 0.019  std 0.259  lr 3.4e-05  fps   8839   335.8s
it 1232/4000  reward     nan  ep_len    nan  fell    0  err_xy 0.019  std 0.259  lr 7.6e-05  fps   8851   337.1s
it 1233/4000  reward     nan  ep_len    nan  fell    0  err_xy 0.017  std 0.259  lr 5.1e-05  fps   8651   338.6s
it 1234/4000  reward     nan  ep_len    nan  fell    0  err_xy 0.016  std 0.259  lr 5.1e-05  fps   8672   340.0s
it 1235/4000  reward     nan  ep_len    nan  fell    0  err_xy 0.016  std 0.259  lr 5.1e-05  fps   8739   341.4s
it 1236/4000  reward     nan  ep_len    nan  fell    0  err_xy 0.016  std 0.259  lr 3.4e-05  fps   8890   342.8s
it 1237/4000  reward     nan  ep_len    nan  fell    0  err_xy 0.017  std 0.259  lr 5.1e-05  fps   8450   344.2s
it 1238/4000  reward   15.46  ep_len  300.0  fell    0  err_xy 0.084  std 0.259  lr 1.0e-05  fps   6551   346.1s
it 1239/4000  reward     nan  ep_len    nan  fell    0  err_xy 0.087  std 0.259  lr 1.0e-05  fps   8892   347.5s
it 1240/4000  reward     nan  ep_len    nan  fell    0  err_xy 0.039  std 0.259  lr 5.1e-05  fps   8747   348.9s
it 1241/4000  reward     nan  ep_len    nan  fell    0  err_xy 0.022  std 0.259  lr 3.4e-05  fps   8789   350.3s
it 1242/4000  reward     nan  ep_len    nan  fell    0  err_xy 0.020  std 0.259  lr 3.4e-05  fps   8356   351.8s
it 1243/4000  reward     nan  ep_len    nan  fell    0  err_xy 0.019  std 0.259  lr 7.6e-05  fps   8641   353.2s
it 1244/4000  reward     nan  ep_len    nan  fell    0  err_xy 0.019  std 0.259  lr 7.6e-05  fps   8179   354.7s
it 1245/4000  reward     nan  ep_len    nan  fell    0  err_xy 0.017  std 0.259  lr 5.1e-05  fps   8849   356.1s
it 1246/4000  reward     nan  ep_len    nan  fell    0  err_xy 0.016  std 0.258  lr 7.6e-05  fps   8883   357.5s
it 1247/4000  reward     nan  ep_len    nan  fell    0  err_xy 0.015  std 0.258  lr 5.1e-05  fps   8742   358.9s
it 1248/4000  reward     nan  ep_len    nan  fell    0  err_xy 0.015  std 0.258  lr 1.1e-04  fps   8643   360.3s
it 1249/4000  reward     nan  ep_len    nan  fell    0  err_xy 0.015  std 0.258  lr 1.1e-04  fps   8926   361.7s
it 1250/4000  reward   15.10  ep_len  300.0  fell    0  err_xy 0.016  std 0.258  lr 1.1e-04  fps   6622   363.5s
it 1251/4000  reward     nan  ep_len    nan  fell    0  err_xy 0.130  std 0.258  lr 1.0e-05  fps   8990   364.9s
it 1252/4000  reward     nan  ep_len    nan  fell    0  err_xy 0.062  std 0.258  lr 1.0e-05  fps   8851   366.3s
it 1253/4000  reward     nan  ep_len    nan  fell    0  err_xy 0.029  std 0.258  lr 5.1e-05  fps   8853   367.7s
it 1254/4000  reward     nan  ep_len    nan  fell    0  err_xy 0.023  std 0.258  lr 2.3e-05  fps   8792   369.1s
it 1255/4000  reward     nan  ep_len    nan  fell    0  err_xy 0.020  std 0.258  lr 5.1e-05  fps   8833   370.5s
it 1256/4000  reward     nan  ep_len    nan  fell    0  err_xy 0.020  std 0.258  lr 5.1e-05  fps   8886   371.9s
it 1257/4000  reward     nan  ep_len    nan  fell    0  err_xy 0.019  std 0.258  lr 5.1e-05  fps   8901   373.2s
it 1258/4000  reward     nan  ep_len    nan  fell    0  err_xy 0.017  std 0.258  lr 5.1e-05  fps   8749   374.6s
it 1259/4000  reward     nan  ep_len    nan  fell    0  err_xy 0.016  std 0.258  lr 7.6e-05  fps   8846   376.0s
it 1260/4000  reward     nan  ep_len    nan  fell    0  err_xy 0.015  std 0.258  lr 5.1e-05  fps   8863   377.4s
it 1261/4000  reward     nan  ep_len    nan  fell    0  err_xy 0.016  std 0.258  lr 3.4e-05  fps   8962   378.8s
it 1262/4000  reward     nan  ep_len    nan  fell    0  err_xy 0.017  std 0.258  lr 7.6e-05  fps   8825   380.2s
it 1263/4000  reward   15.46  ep_len  300.0  fell    0  err_xy 0.078  std 0.258  lr 1.0e-05  fps   6688   382.0s
it 1264/4000  reward     nan  ep_len    nan  fell    0  err_xy 0.078  std 0.258  lr 1.0e-05  fps   9152   383.4s
it 1265/4000  reward     nan  ep_len    nan  fell    0  err_xy 0.040  std 0.258  lr 5.1e-05  fps   8747   384.8s
it 1266/4000  reward     nan  ep_len    nan  fell    0  err_xy 0.023  std 0.258  lr 3.4e-05  fps   8928   386.2s
it 1267/4000  reward     nan  ep_len    nan  fell    0  err_xy 0.019  std 0.258  lr 3.4e-05  fps   8894   387.5s
it 1268/4000  reward     nan  ep_len    nan  fell    0  err_xy 0.018  std 0.258  lr 7.6e-05  fps   8751   388.9s
it 1269/4000  reward     nan  ep_len    nan  fell    0  err_xy 0.018  std 0.258  lr 1.0e-05  fps   8637   390.4s
it 1270/4000  reward     nan  ep_len    nan  fell    0  err_xy 0.018  std 0.258  lr 5.1e-05  fps   8832   391.8s
it 1271/4000  reward     nan  ep_len    nan  fell    0  err_xy 0.017  std 0.258  lr 7.6e-05  fps   8758   393.2s
it 1272/4000  reward     nan  ep_len    nan  fell    0  err_xy 0.016  std 0.258  lr 2.3e-05  fps   8683   394.6s
it 1273/4000  reward     nan  ep_len    nan  fell    0  err_xy 0.016  std 0.258  lr 2.3e-05  fps   8854   396.0s
it 1274/4000  reward     nan  ep_len    nan  fell    0  err_xy 0.017  std 0.258  lr 7.6e-05  fps   8869   397.4s
it 1275/4000  reward   13.61  ep_len  300.0  fell    0  err_xy 0.018  std 0.258  lr 7.6e-05  fps   6474   399.3s
it 1276/4000  reward     nan  ep_len    nan  fell    0  err_xy 0.120  std 0.258  lr 1.0e-05  fps   9352   400.6s
it 1277/4000  reward     nan  ep_len    nan  fell    0  err_xy 0.061  std 0.258  lr 7.6e-05  fps   8959   401.9s
it 1278/4000  reward     nan  ep_len    nan  fell    0  err_xy 0.029  std 0.258  lr 7.6e-05  fps   8954   403.3s
it 1279/4000  reward     nan  ep_len    nan  fell    0  err_xy 0.020  std 0.258  lr 3.4e-05  fps   8622   404.7s
it 1280/4000  reward     nan  ep_len    nan  fell    0  err_xy 0.018  std 0.258  lr 7.6e-05  fps   8861   406.1s
it 1281/4000  reward     nan  ep_len    nan  fell    0  err_xy 0.017  std 0.258  lr 7.6e-05  fps   8919   407.5s
it 1282/4000  reward     nan  ep_len    nan  fell    0  err_xy 0.018  std 0.257  lr 2.3e-05  fps   8974   408.9s
it 1283/4000  reward     nan  ep_len    nan  fell    0  err_xy 0.017  std 0.257  lr 7.6e-05  fps   8713   410.3s
it 1284/4000  reward     nan  ep_len    nan  fell    0  err_xy 0.018  std 0.257  lr 7.6e-05  fps   8882   411.7s
it 1285/4000  reward     nan  ep_len    nan  fell    0  err_xy 0.018  std 0.257  lr 7.6e-05  fps   8459   413.1s
it 1286/4000  reward     nan  ep_len    nan  fell    0  err_xy 0.018  std 0.257  lr 1.1e-04  fps   8874   414.5s
it 1287/4000  reward     nan  ep_len    nan  fell    0  err_xy 0.020  std 0.257  lr 1.1e-04  fps   8773   415.9s
it 1288/4000  reward   14.38  ep_len  300.0  fell    0  err_xy 0.083  std 0.257  lr 1.0e-05  fps   6778   417.7s
it 1289/4000  reward     nan  ep_len    nan  fell    0  err_xy 0.086  std 0.257  lr 1.0e-05  fps   9149   419.1s
it 1290/4000  reward     nan  ep_len    nan  fell    0  err_xy 0.039  std 0.257  lr 3.4e-05  fps   9095   420.4s
it 1291/4000  reward     nan  ep_len    nan  fell    0  err_xy 0.025  std 0.257  lr 3.4e-05  fps   9063   421.8s
it 1292/4000  reward     nan  ep_len    nan  fell    0  err_xy 0.020  std 0.257  lr 2.3e-05  fps   9011   423.1s
it 1293/4000  reward     nan  ep_len    nan  fell    0  err_xy 0.018  std 0.257  lr 5.1e-05  fps   8878   424.5s
it 1294/4000  reward     nan  ep_len    nan  fell    0  err_xy 0.019  std 0.257  lr 5.1e-05  fps   9032   425.9s
it 1295/4000  reward     nan  ep_len    nan  fell    0  err_xy 0.017  std 0.257  lr 3.4e-05  fps   8821   427.3s
it 1296/4000  reward     nan  ep_len    nan  fell    0  err_xy 0.017  std 0.257  lr 5.1e-05  fps   9013   428.7s
it 1297/4000  reward     nan  ep_len    nan  fell    0  err_xy 0.017  std 0.257  lr 2.3e-05  fps   8963   430.0s
it 1298/4000  reward     nan  ep_len    nan  fell    0  err_xy 0.018  std 0.257  lr 1.5e-05  fps   8998   431.4s
it 1299/4000  reward     nan  ep_len    nan  fell    0  err_xy 0.022  std 0.257  lr 7.6e-05  fps   8994   432.8s
it 1300/4000  reward   14.00  ep_len  300.0  fell    0  err_xy 0.022  std 0.257  lr 3.4e-05  fps   6474   434.7s
it 1301/4000  reward     nan  ep_len    nan  fell    0  err_xy 0.126  std 0.257  lr 1.0e-05  fps   8979   436.0s
it 1302/4000  reward     nan  ep_len    nan  fell    0  err_xy 0.058  std 0.257  lr 1.0e-05  fps   8992   437.4s
it 1303/4000  reward     nan  ep_len    nan  fell    0  err_xy 0.031  std 0.257  lr 1.5e-05  fps   8818   438.8s
it 1304/4000  reward     nan  ep_len    nan  fell    0  err_xy 0.025  std 0.257  lr 7.6e-05  fps   8819   440.2s
it 1305/4000  reward     nan  ep_len    nan  fell    0  err_xy 0.020  std 0.257  lr 1.5e-05  fps   8802   441.6s
it 1306/4000  reward     nan  ep_len    nan  fell    0  err_xy 0.020  std 0.257  lr 7.6e-05  fps   8767   443.0s
it 1307/4000  reward     nan  ep_len    nan  fell    0  err_xy 0.019  std 0.257  lr 5.1e-05  fps   8661   444.4s
it 1308/4000  reward     nan  ep_len    nan  fell    0  err_xy 0.018  std 0.257  lr 7.6e-05  fps   8789   445.8s
it 1309/4000  reward     nan  ep_len    nan  fell    0  err_xy 0.018  std 0.257  lr 1.0e-05  fps   8773   447.2s
it 1310/4000  reward     nan  ep_len    nan  fell    0  err_xy 0.017  std 0.257  lr 1.5e-05  fps   8780   448.6s
it 1311/4000  reward     nan  ep_len    nan  fell    0  err_xy 0.017  std 0.257  lr 5.1e-05  fps   8707   450.0s
it 1312/4000  reward     nan  ep_len    nan  fell    0  err_xy 0.018  std 0.257  lr 1.1e-04  fps   8941   451.4s
it 1313/4000  reward   15.76  ep_len  300.0  fell    0  err_xy 0.085  std 0.257  lr 1.0e-05  fps   6730   453.2s
it 1314/4000  reward     nan  ep_len    nan  fell    0  err_xy 0.082  std 0.257  lr 1.0e-05  fps   8834   454.6s
it 1315/4000  reward     nan  ep_len    nan  fell    0  err_xy 0.045  std 0.257  lr 5.1e-05  fps   8471   456.1s
it 1316/4000  reward     nan  ep_len    nan  fell    0  err_xy 0.027  std 0.257  lr 5.1e-05  fps   8729   457.5s
it 1317/4000  reward     nan  ep_len    nan  fell    0  err_xy 0.022  std 0.257  lr 5.1e-05  fps   8701   458.9s
it 1318/4000  reward     nan  ep_len    nan  fell    0  err_xy 0.020  std 0.257  lr 1.0e-05  fps   8540   460.3s
it 1319/4000  reward     nan  ep_len    nan  fell    0  err_xy 0.020  std 0.257  lr 5.1e-05  fps   8509   461.8s
it 1320/4000  reward     nan  ep_len    nan  fell    0  err_xy 0.017  std 0.257  lr 5.1e-05  fps   8796   463.2s
it 1321/4000  reward     nan  ep_len    nan  fell    0  err_xy 0.018  std 0.257  lr 7.6e-05  fps   8647   464.6s
it 1322/4000  reward     nan  ep_len    nan  fell    0  err_xy 0.018  std 0.256  lr 7.6e-05  fps   8822   466.0s
it 1323/4000  reward     nan  ep_len    nan  fell    0  err_xy 0.018  std 0.256  lr 5.1e-05  fps   8810   467.4s
it 1324/4000  reward     nan  ep_len    nan  fell    0  err_xy 0.019  std 0.256  lr 5.1e-05  fps   8973   468.8s
it 1325/4000  reward   16.38  ep_len  300.0  fell    0  err_xy 0.019  std 0.256  lr 7.6e-05  fps   6481   470.7s
it 1326/4000  reward     nan  ep_len    nan  fell    0  err_xy 0.116  std 0.256  lr 1.0e-05  fps   8875   472.0s
it 1327/4000  reward     nan  ep_len    nan  fell    0  err_xy 0.063  std 0.256  lr 1.0e-05  fps   8828   473.4s
it 1328/4000  reward     nan  ep_len    nan  fell    0  err_xy 0.034  std 0.256  lr 3.4e-05  fps   8620   474.9s
it 1329/4000  reward     nan  ep_len    nan  fell    0  err_xy 0.025  std 0.256  lr 5.1e-05  fps   8263   476.3s
it 1330/4000  reward     nan  ep_len    nan  fell    0  err_xy 0.023  std 0.256  lr 2.3e-05  fps   8498   477.8s
it 1331/4000  reward     nan  ep_len    nan  fell    0  err_xy 0.022  std 0.256  lr 2.3e-05  fps   8670   479.2s
it 1332/4000  reward     nan  ep_len    nan  fell    0  err_xy 0.021  std 0.256  lr 7.6e-05  fps   8725   480.6s
it 1333/4000  reward     nan  ep_len    nan  fell    0  err_xy 0.021  std 0.256  lr 5.1e-05  fps   9053   482.0s
it 1334/4000  reward     nan  ep_len    nan  fell    0  err_xy 0.020  std 0.256  lr 3.4e-05  fps   9126   483.3s
it 1335/4000  reward     nan  ep_len    nan  fell    0  err_xy 0.019  std 0.256  lr 5.1e-05  fps   9081   484.7s
it 1336/4000  reward     nan  ep_len    nan  fell    0  err_xy 0.019  std 0.256  lr 5.1e-05  fps   9162   486.0s
it 1337/4000  reward     nan  ep_len    nan  fell    0  err_xy 0.017  std 0.256  lr 7.6e-05  fps   9440   487.3s
it 1338/4000  reward   13.83  ep_len  300.0  fell    0  err_xy 0.080  std 0.256  lr 1.0e-05  fps   6978   489.1s
it 1339/4000  reward     nan  ep_len    nan  fell    0  err_xy 0.089  std 0.256  lr 2.3e-05  fps   9448   490.4s
it 1340/4000  reward     nan  ep_len    nan  fell    0  err_xy 0.051  std 0.256  lr 7.6e-05  fps   9100   491.7s
it 1341/4000  reward     nan  ep_len    nan  fell    0  err_xy 0.027  std 0.256  lr 1.5e-05  fps   8846   493.1s
it 1342/4000  reward     nan  ep_len    nan  fell    0  err_xy 0.024  std 0.256  lr 2.3e-05  fps   9151   494.5s
it 1343/4000  reward     nan  ep_len    nan  fell    0  err_xy 0.020  std 0.256  lr 3.4e-05  fps   9038   495.8s
it 1344/4000  reward     nan  ep_len    nan  fell    0  err_xy 0.019  std 0.256  lr 2.3e-05  fps   9254   497.2s
it 1345/4000  reward     nan  ep_len    nan  fell    0  err_xy 0.017  std 0.256  lr 7.6e-05  fps   9256   498.5s
it 1346/4000  reward     nan  ep_len    nan  fell    0  err_xy 0.016  std 0.256  lr 7.6e-05  fps   9094   499.8s
it 1347/4000  reward     nan  ep_len    nan  fell    0  err_xy 0.017  std 0.256  lr 7.6e-05  fps   9209   501.2s
it 1348/4000  reward     nan  ep_len    nan  fell    0  err_xy 0.018  std 0.256  lr 1.0e-05  fps   9216   502.5s
it 1349/4000  reward     nan  ep_len    nan  fell    0  err_xy 0.017  std 0.256  lr 3.4e-05  fps   9248   503.8s
it 1350/4000  reward   16.10  ep_len  300.0  fell    0  err_xy 0.018  std 0.256  lr 3.4e-05  fps   6775   505.7s
it 1351/4000  reward     nan  ep_len    nan  fell    0  err_xy 0.129  std 0.256  lr 1.0e-05  fps   9668   506.9s
it 1352/4000  reward     nan  ep_len    nan  fell    0  err_xy 0.078  std 0.256  lr 1.0e-05  fps   9334   508.3s
it 1353/4000  reward     nan  ep_len    nan  fell    0  err_xy 0.040  std 0.256  lr 1.0e-05  fps   9207   509.6s
it 1354/4000  reward     nan  ep_len    nan  fell    0  err_xy 0.026  std 0.256  lr 5.1e-05  fps   9168   510.9s
it 1355/4000  reward     nan  ep_len    nan  fell    0  err_xy 0.020  std 0.256  lr 3.4e-05  fps   9287   512.3s
it 1356/4000  reward     nan  ep_len    nan  fell    0  err_xy 0.017  std 0.256  lr 2.3e-05  fps   9217   513.6s
it 1357/4000  reward     nan  ep_len    nan  fell    0  err_xy 0.016  std 0.256  lr 7.6e-05  fps   9155   514.9s
it 1358/4000  reward     nan  ep_len    nan  fell    0  err_xy 0.016  std 0.256  lr 5.1e-05  fps   9122   516.3s
it 1359/4000  reward     nan  ep_len    nan  fell    0  err_xy 0.015  std 0.256  lr 5.1e-05  fps   9315   517.6s
it 1360/4000  reward     nan  ep_len    nan  fell    0  err_xy 0.015  std 0.256  lr 5.1e-05  fps   9354   518.9s
it 1361/4000  reward     nan  ep_len    nan  fell    0  err_xy 0.016  std 0.256  lr 1.1e-04  fps   9174   520.3s
it 1362/4000  reward     nan  ep_len    nan  fell    0  err_xy 0.016  std 0.256  lr 5.1e-05  fps   9365   521.6s
it 1363/4000  reward   13.00  ep_len  300.0  fell    0  err_xy 0.080  std 0.256  lr 1.0e-05  fps   6905   523.4s
it 1364/4000  reward     nan  ep_len    nan  fell    0  err_xy 0.086  std 0.256  lr 1.0e-05  fps   9318   524.7s
it 1365/4000  reward     nan  ep_len    nan  fell    0  err_xy 0.057  std 0.256  lr 5.1e-05  fps   9253   526.0s
it 1366/4000  reward     nan  ep_len    nan  fell    0  err_xy 0.037  std 0.256  lr 3.4e-05  fps   9220   527.3s
it 1367/4000  reward     nan  ep_len    nan  fell    0  err_xy 0.028  std 0.256  lr 1.0e-05  fps   9217   528.7s
it 1368/4000  reward     nan  ep_len    nan  fell    0  err_xy 0.023  std 0.256  lr 5.1e-05  fps   8747   530.1s
it 1369/4000  reward     nan  ep_len    nan  fell    0  err_xy 0.019  std 0.256  lr 3.4e-05  fps   9097   531.4s
it 1370/4000  reward     nan  ep_len    nan  fell    0  err_xy 0.019  std 0.256  lr 5.1e-05  fps   9202   532.8s
it 1371/4000  reward     nan  ep_len    nan  fell    0  err_xy 0.022  std 0.256  lr 1.0e-05  fps   9340   534.1s
it 1372/4000  reward     nan  ep_len    nan  fell    0  err_xy 0.022  std 0.256  lr 1.5e-05  fps   9282   535.4s
it 1373/4000  reward     nan  ep_len    nan  fell    0  err_xy 0.023  std 0.256  lr 5.1e-05  fps   9352   536.7s
it 1374/4000  reward     nan  ep_len    nan  fell    0  err_xy 0.022  std 0.256  lr 5.1e-05  fps   9406   538.0s
it 1375/4000  reward   14.87  ep_len  300.0  fell    0  err_xy 0.021  std 0.256  lr 7.6e-05  fps   6870   539.8s
it 1376/4000  reward     nan  ep_len    nan  fell    0  err_xy 0.116  std 0.256  lr 1.0e-05  fps   9251   541.1s
it 1377/4000  reward     nan  ep_len    nan  fell    0  err_xy 0.068  std 0.256  lr 2.3e-05  fps   9325   542.5s
it 1378/4000  reward     nan  ep_len    nan  fell    0  err_xy 0.038  std 0.256  lr 7.6e-05  fps   9198   543.8s
it 1379/4000  reward     nan  ep_len    nan  fell    0  err_xy 0.030  std 0.256  lr 1.5e-05  fps   8922   545.2s
it 1380/4000  reward     nan  ep_len    nan  fell    0  err_xy 0.029  std 0.256  lr 5.1e-05  fps   8954   546.6s
it 1381/4000  reward     nan  ep_len    nan  fell    0  err_xy 0.024  std 0.256  lr 3.4e-05  fps   9166   547.9s
it 1382/4000  reward     nan  ep_len    nan  fell    0  err_xy 0.021  std 0.256  lr 7.6e-05  fps   9157   549.2s
it 1383/4000  reward     nan  ep_len    nan  fell    0  err_xy 0.022  std 0.256  lr 3.4e-05  fps   9007   550.6s
it 1384/4000  reward     nan  ep_len    nan  fell    0  err_xy 0.022  std 0.256  lr 7.6e-05  fps   9236   551.9s
it 1385/4000  reward     nan  ep_len    nan  fell    0  err_xy 0.020  std 0.256  lr 1.5e-05  fps   9184   553.3s
it 1386/4000  reward     nan  ep_len    nan  fell    0  err_xy 0.018  std 0.256  lr 5.1e-05  fps   9049   554.6s
it 1387/4000  reward     nan  ep_len    nan  fell    0  err_xy 0.016  std 0.256  lr 5.1e-05  fps   9212   556.0s
it 1388/4000  reward   16.80  ep_len  300.0  fell    0  err_xy 0.081  std 0.256  lr 1.0e-05  fps   6771   557.8s
it 1389/4000  reward     nan  ep_len    nan  fell    0  err_xy 0.081  std 0.256  lr 1.0e-05  fps   9209   559.1s
it 1390/4000  reward     nan  ep_len    nan  fell    0  err_xy 0.049  std 0.256  lr 1.0e-05  fps   9093   560.5s
it 1391/4000  reward     nan  ep_len    nan  fell    0  err_xy 0.028  std 0.256  lr 5.1e-05  fps   8958   561.8s
it 1392/4000  reward     nan  ep_len    nan  fell    0  err_xy 0.026  std 0.256  lr 5.1e-05  fps   9057   563.2s
it 1393/4000  reward     nan  ep_len    nan  fell    0  err_xy 0.022  std 0.256  lr 1.5e-05  fps   8824   564.6s
it 1394/4000  reward     nan  ep_len    nan  fell    0  err_xy 0.022  std 0.256  lr 5.1e-05  fps   9000   566.0s
it 1395/4000  reward     nan  ep_len    nan  fell    0  err_xy 0.022  std 0.255  lr 1.1e-04  fps   9094   567.3s
it 1396/4000  reward     nan  ep_len    nan  fell    0  err_xy 0.023  std 0.255  lr 7.6e-05  fps   9091   568.7s
it 1397/4000  reward     nan  ep_len    nan  fell    0  err_xy 0.023  std 0.255  lr 7.6e-05  fps   9065   570.0s
it 1398/4000  reward     nan  ep_len    nan  fell    0  err_xy 0.023  std 0.255  lr 5.1e-05  fps   9266   571.4s
it 1399/4000  reward     nan  ep_len    nan  fell    0  err_xy 0.021  std 0.255  lr 7.6e-05  fps   9204   572.7s
it 1400/4000  reward   16.15  ep_len  300.0  fell    0  err_xy 0.018  std 0.255  lr 3.4e-05  fps   6741   574.5s
eval iteration 1400:
  prone          success   0.0%  time 7.00s  peak_τ 0.57 Nm  return 6.11
  supine         success   0.0%  time 7.00s  peak_τ 0.40 Nm  return -0.10
  score 0.000
it 1401/4000  reward     nan  ep_len    nan  fell    0  err_xy 0.119  std 0.255  lr 1.0e-05  fps   9666   577.2s
it 1402/4000  reward     nan  ep_len    nan  fell    0  err_xy 0.063  std 0.255  lr 1.0e-05  fps   9383   578.5s
it 1403/4000  reward     nan  ep_len    nan  fell    0  err_xy 0.038  std 0.255  lr 5.1e-05  fps   9065   579.9s
it 1404/4000  reward     nan  ep_len    nan  fell    0  err_xy 0.027  std 0.255  lr 3.4e-05  fps   9097   581.2s
it 1405/4000  reward     nan  ep_len    nan  fell    0  err_xy 0.024  std 0.255  lr 3.4e-05  fps   9027   582.6s
it 1406/4000  reward     nan  ep_len    nan  fell    0  err_xy 0.025  std 0.255  lr 2.3e-05  fps   9199   583.9s
it 1407/4000  reward     nan  ep_len    nan  fell    0  err_xy 0.026  std 0.255  lr 7.6e-05  fps   9256   585.3s
it 1408/4000  reward     nan  ep_len    nan  fell    0  err_xy 0.025  std 0.255  lr 5.1e-05  fps   9239   586.6s
it 1409/4000  reward     nan  ep_len    nan  fell    0  err_xy 0.021  std 0.255  lr 5.1e-05  fps   9271   587.9s
it 1410/4000  reward     nan  ep_len    nan  fell    0  err_xy 0.018  std 0.255  lr 5.1e-05  fps   9109   589.3s
it 1411/4000  reward     nan  ep_len    nan  fell    0  err_xy 0.015  std 0.255  lr 7.6e-05  fps   9165   590.6s
it 1412/4000  reward     nan  ep_len    nan  fell    0  err_xy 0.014  std 0.255  lr 7.6e-05  fps   9260   591.9s
it 1413/4000  reward   14.46  ep_len  300.0  fell    0  err_xy 0.080  std 0.255  lr 1.0e-05  fps   6918   593.7s
it 1414/4000  reward     nan  ep_len    nan  fell    0  err_xy 0.080  std 0.255  lr 1.0e-05  fps   9169   595.0s
it 1415/4000  reward     nan  ep_len    nan  fell    0  err_xy 0.048  std 0.255  lr 7.6e-05  fps   9197   596.4s
it 1416/4000  reward     nan  ep_len    nan  fell    0  err_xy 0.033  std 0.255  lr 1.0e-05  fps   8935   597.8s
it 1417/4000  reward     nan  ep_len    nan  fell    0  err_xy 0.027  std 0.255  lr 5.1e-05  fps   8987   599.1s
it 1418/4000  reward     nan  ep_len    nan  fell    0  err_xy 0.025  std 0.255  lr 2.3e-05  fps   8792   600.5s
it 1419/4000  reward     nan  ep_len    nan  fell    0  err_xy 0.026  std 0.255  lr 7.6e-05  fps   9121   601.9s
it 1420/4000  reward     nan  ep_len    nan  fell    0  err_xy 0.026  std 0.255  lr 5.1e-05  fps   9166   603.2s
it 1421/4000  reward     nan  ep_len    nan  fell    0  err_xy 0.021  std 0.255  lr 5.1e-05  fps   9056   604.6s
it 1422/4000  reward     nan  ep_len    nan  fell    0  err_xy 0.017  std 0.255  lr 5.1e-05  fps   9258   605.9s
it 1423/4000  reward     nan  ep_len    nan  fell    0  err_xy 0.014  std 0.255  lr 3.4e-05  fps   9240   607.2s
it 1424/4000  reward     nan  ep_len    nan  fell    0  err_xy 0.014  std 0.255  lr 5.1e-05  fps   9217   608.6s
it 1425/4000  reward   16.15  ep_len  300.0  fell    0  err_xy 0.013  std 0.254  lr 5.1e-05  fps   6814   610.4s
it 1426/4000  reward     nan  ep_len    nan  fell    0  err_xy 0.133  std 0.254  lr 1.0e-05  fps   9387   611.7s
it 1427/4000  reward     nan  ep_len    nan  fell    0  err_xy 0.057  std 0.254  lr 1.0e-05  fps   9107   613.0s
it 1428/4000  reward     nan  ep_len    nan  fell    0  err_xy 0.031  std 0.255  lr 5.1e-05  fps   8880   614.4s
it 1429/4000  reward     nan  ep_len    nan  fell    0  err_xy 0.027  std 0.255  lr 5.1e-05  fps   9022   615.8s
it 1430/4000  reward     nan  ep_len    nan  fell    0  err_xy 0.027  std 0.255  lr 5.1e-05  fps   9055   617.1s
it 1431/4000  reward     nan  ep_len    nan  fell    0  err_xy 0.029  std 0.255  lr 3.4e-05  fps   9116   618.5s
it 1432/4000  reward     nan  ep_len    nan  fell    0  err_xy 0.030  std 0.255  lr 7.6e-05  fps   9097   619.8s
it 1433/4000  reward     nan  ep_len    nan  fell    0  err_xy 0.025  std 0.255  lr 7.6e-05  fps   9244   621.2s
it 1434/4000  reward     nan  ep_len    nan  fell    0  err_xy 0.019  std 0.255  lr 7.6e-05  fps   9231   622.5s
it 1435/4000  reward     nan  ep_len    nan  fell    0  err_xy 0.016  std 0.255  lr 5.1e-05  fps   9087   623.9s
it 1436/4000  reward     nan  ep_len    nan  fell    0  err_xy 0.014  std 0.254  lr 5.1e-05  fps   9028   625.2s
it 1437/4000  reward     nan  ep_len    nan  fell    0  err_xy 0.013  std 0.254  lr 5.1e-05  fps   9182   626.6s
it 1438/4000  reward   14.56  ep_len  300.0  fell    0  err_xy 0.078  std 0.254  lr 1.0e-05  fps   6888   628.3s
it 1439/4000  reward     nan  ep_len    nan  fell    0  err_xy 0.082  std 0.254  lr 1.0e-05  fps   9095   629.7s
it 1440/4000  reward     nan  ep_len    nan  fell    0  err_xy 0.048  std 0.254  lr 1.5e-05  fps   8857   631.1s
it 1441/4000  reward     nan  ep_len    nan  fell    0  err_xy 0.032  std 0.254  lr 1.0e-05  fps   8924   632.5s
it 1442/4000  reward     nan  ep_len    nan  fell    0  err_xy 0.037  std 0.255  lr 5.1e-05  fps   9009   633.8s
it 1443/4000  reward     nan  ep_len    nan  fell    0  err_xy 0.036  std 0.255  lr 5.1e-05  fps   8917   635.2s
it 1444/4000  reward     nan  ep_len    nan  fell    0  err_xy 0.024  std 0.255  lr 3.4e-05  fps   9026   636.6s
it 1445/4000  reward     nan  ep_len    nan  fell    0  err_xy 0.017  std 0.255  lr 7.6e-05  fps   9041   637.9s
it 1446/4000  reward     nan  ep_len    nan  fell    0  err_xy 0.013  std 0.255  lr 7.6e-05  fps   8909   639.3s
it 1447/4000  reward     nan  ep_len    nan  fell    0  err_xy 0.013  std 0.254  lr 7.6e-05  fps   9049   640.7s
it 1448/4000  reward     nan  ep_len    nan  fell    0  err_xy 0.012  std 0.254  lr 7.6e-05  fps   9090   642.0s
it 1449/4000  reward     nan  ep_len    nan  fell    0  err_xy 0.013  std 0.254  lr 3.4e-05  fps   9014   643.4s
it 1450/4000  reward   15.85  ep_len  300.0  fell    0  err_xy 0.012  std 0.254  lr 5.1e-05  fps   6572   645.3s
it 1451/4000  reward     nan  ep_len    nan  fell    0  err_xy 0.119  std 0.254  lr 1.0e-05  fps   9368   646.6s
it 1452/4000  reward     nan  ep_len    nan  fell    0  err_xy 0.065  std 0.254  lr 2.3e-05  fps   9134   647.9s
it 1453/4000  reward     nan  ep_len    nan  fell    0  err_xy 0.042  std 0.254  lr 1.0e-05  fps   8871   649.3s
it 1454/4000  reward     nan  ep_len    nan  fell    0  err_xy 0.045  std 0.254  lr 5.1e-05  fps   8929   650.7s
it 1455/4000  reward     nan  ep_len    nan  fell    0  err_xy 0.034  std 0.254  lr 5.1e-05  fps   9020   652.0s
it 1456/4000  reward     nan  ep_len    nan  fell    0  err_xy 0.023  std 0.254  lr 1.1e-04  fps   8959   653.4s
it 1457/4000  reward     nan  ep_len    nan  fell    0  err_xy 0.015  std 0.254  lr 7.6e-05  fps   8790   654.8s
it 1458/4000  reward     nan  ep_len    nan  fell    0  err_xy 0.013  std 0.254  lr 7.6e-05  fps   8990   656.2s
it 1459/4000  reward     nan  ep_len    nan  fell    0  err_xy 0.012  std 0.254  lr 5.1e-05  fps   9003   657.6s
it 1460/4000  reward     nan  ep_len    nan  fell    0  err_xy 0.012  std 0.254  lr 1.1e-04  fps   8985   658.9s
it 1461/4000  reward     nan  ep_len    nan  fell    0  err_xy 0.012  std 0.254  lr 1.1e-04  fps   8997   660.3s
it 1462/4000  reward     nan  ep_len    nan  fell    0  err_xy 0.012  std 0.254  lr 5.1e-05  fps   8995   661.7s
it 1463/4000  reward   15.35  ep_len  300.0  fell    0  err_xy 0.078  std 0.254  lr 1.0e-05  fps   6829   663.5s
it 1464/4000  reward     nan  ep_len    nan  fell    0  err_xy 0.087  std 0.254  lr 1.0e-05  fps   8929   664.8s
it 1465/4000  reward     nan  ep_len    nan  fell    0  err_xy 0.054  std 0.254  lr 1.0e-05  fps   8864   666.2s
it 1466/4000  reward     nan  ep_len    nan  fell    0  err_xy 0.047  std 0.254  lr 1.0e-05  fps   8850   667.6s
it 1467/4000  reward     nan  ep_len    nan  fell    0  err_xy 0.036  std 0.254  lr 5.1e-05  fps   8844   669.0s
it 1468/4000  reward     nan  ep_len    nan  fell    0  err_xy 0.022  std 0.254  lr 7.6e-05  fps   8716   670.4s
it 1469/4000  reward     nan  ep_len    nan  fell    0  err_xy 0.017  std 0.254  lr 7.6e-05  fps   8909   671.8s
it 1470/4000  reward     nan  ep_len    nan  fell    0  err_xy 0.014  std 0.254  lr 5.1e-05  fps   8940   673.2s
it 1471/4000  reward     nan  ep_len    nan  fell    0  err_xy 0.014  std 0.254  lr 5.1e-05  fps   8775   674.6s
it 1472/4000  reward     nan  ep_len    nan  fell    0  err_xy 0.014  std 0.254  lr 5.1e-05  fps   8885   676.0s
it 1473/4000  reward     nan  ep_len    nan  fell    0  err_xy 0.014  std 0.254  lr 3.4e-05  fps   8907   677.3s
it 1474/4000  reward     nan  ep_len    nan  fell    0  err_xy 0.014  std 0.253  lr 7.6e-05  fps   8665   678.8s
it 1475/4000  reward   17.97  ep_len  300.0  fell    0  err_xy 0.013  std 0.253  lr 3.4e-05  fps   6551   680.6s
it 1476/4000  reward     nan  ep_len    nan  fell    0  err_xy 0.116  std 0.253  lr 1.0e-05  fps   9498   681.9s
it 1477/4000  reward     nan  ep_len    nan  fell    0  err_xy 0.070  std 0.253  lr 3.4e-05  fps   9181   683.3s
it 1478/4000  reward     nan  ep_len    nan  fell    0  err_xy 0.050  std 0.254  lr 2.3e-05  fps   8908   684.6s
it 1479/4000  reward     nan  ep_len    nan  fell    0  err_xy 0.045  std 0.254  lr 5.1e-05  fps   9112   686.0s
it 1480/4000  reward     nan  ep_len    nan  fell    0  err_xy 0.029  std 0.254  lr 2.3e-05  fps   8938   687.4s
it 1481/4000  reward     nan  ep_len    nan  fell    0  err_xy 0.017  std 0.254  lr 7.6e-05  fps   9097   688.7s
it 1482/4000  reward     nan  ep_len    nan  fell    0  err_xy 0.014  std 0.254  lr 7.6e-05  fps   8702   690.1s
it 1483/4000  reward     nan  ep_len    nan  fell    0  err_xy 0.013  std 0.254  lr 5.1e-05  fps   9106   691.5s
it 1484/4000  reward     nan  ep_len    nan  fell    0  err_xy 0.013  std 0.254  lr 5.1e-05  fps   9165   692.8s
it 1485/4000  reward     nan  ep_len    nan  fell    0  err_xy 0.013  std 0.254  lr 7.6e-05  fps   8898   694.2s
it 1486/4000  reward     nan  ep_len    nan  fell    0  err_xy 0.013  std 0.253  lr 5.1e-05  fps   8913   695.6s
it 1487/4000  reward     nan  ep_len    nan  fell    0  err_xy 0.013  std 0.253  lr 3.4e-05  fps   8607   697.0s
it 1488/4000  reward   15.23  ep_len  300.0  fell    0  err_xy 0.075  std 0.253  lr 1.0e-05  fps   6639   698.9s
it 1489/4000  reward     nan  ep_len    nan  fell    0  err_xy 0.087  std 0.253  lr 1.0e-05  fps   9008   700.2s
it 1490/4000  reward     nan  ep_len    nan  fell    0  err_xy 0.068  std 0.253  lr 1.5e-05  fps   8381   701.7s
it 1491/4000  reward     nan  ep_len    nan  fell    0  err_xy 0.047  std 0.254  lr 2.3e-05  fps   7933   703.3s
it 1492/4000  reward     nan  ep_len    nan  fell    0  err_xy 0.025  std 0.254  lr 2.3e-05  fps   8235   704.7s
it 1493/4000  reward     nan  ep_len    nan  fell    0  err_xy 0.017  std 0.254  lr 3.4e-05  fps   8271   706.2s
it 1494/4000  reward     nan  ep_len    nan  fell    0  err_xy 0.014  std 0.254  lr 3.4e-05  fps   8380   707.7s
it 1495/4000  reward     nan  ep_len    nan  fell    0  err_xy 0.013  std 0.254  lr 3.4e-05  fps   8405   709.2s
it 1496/4000  reward     nan  ep_len    nan  fell    0  err_xy 0.013  std 0.254  lr 7.6e-05  fps   8650   710.6s
it 1497/4000  reward     nan  ep_len    nan  fell    0  err_xy 0.013  std 0.254  lr 5.1e-05  fps   8646   712.0s
it 1498/4000  reward     nan  ep_len    nan  fell    0  err_xy 0.013  std 0.253  lr 3.4e-05  fps   8312   713.5s
it 1499/4000  reward     nan  ep_len    nan  fell    0  err_xy 0.013  std 0.253  lr 7.6e-05  fps   8444   714.9s
it 1500/4000  reward   15.98  ep_len  300.0  fell    0  err_xy 0.013  std 0.253  lr 5.1e-05  fps   6348   716.9s
it 1501/4000  reward     nan  ep_len    nan  fell    0  err_xy 0.126  std 0.253  lr 3.4e-05  fps   8901   718.3s
it 1502/4000  reward     nan  ep_len    nan  fell    0  err_xy 0.067  std 0.253  lr 3.4e-05  fps   8194   719.8s
it 1503/4000  reward     nan  ep_len    nan  fell    0  err_xy 0.057  std 0.253  lr 1.0e-05  fps   7798   721.3s
it 1504/4000  reward     nan  ep_len    nan  fell    0  err_xy 0.035  std 0.253  lr 5.1e-05  fps   7893   722.9s
it 1505/4000  reward     nan  ep_len    nan  fell    0  err_xy 0.019  std 0.253  lr 7.6e-05  fps   8122   724.4s
it 1506/4000  reward     nan  ep_len    nan  fell    0  err_xy 0.015  std 0.253  lr 5.1e-05  fps   8073   725.9s
it 1507/4000  reward     nan  ep_len    nan  fell    0  err_xy 0.015  std 0.253  lr 7.6e-05  fps   8549   727.4s
it 1508/4000  reward     nan  ep_len    nan  fell    0  err_xy 0.015  std 0.253  lr 5.1e-05  fps   8583   728.8s
it 1509/4000  reward     nan  ep_len    nan  fell    0  err_xy 0.014  std 0.253  lr 1.5e-05  fps   8517   730.3s
it 1510/4000  reward     nan  ep_len    nan  fell    0  err_xy 0.014  std 0.253  lr 2.3e-05  fps   8704   731.7s
it 1511/4000  reward     nan  ep_len    nan  fell    0  err_xy 0.014  std 0.253  lr 7.6e-05  fps   8300   733.1s
it 1512/4000  reward     nan  ep_len    nan  fell    0  err_xy 0.014  std 0.253  lr 2.3e-05  fps   8405   734.6s
it 1513/4000  reward   17.71  ep_len  300.0  fell    0  err_xy 0.079  std 0.253  lr 1.0e-05  fps   6489   736.5s
it 1514/4000  reward     nan  ep_len    nan  fell    0  err_xy 0.096  std 0.253  lr 5.1e-05  fps   8906   737.9s
it 1515/4000  reward     nan  ep_len    nan  fell    0  err_xy 0.075  std 0.253  lr 1.0e-05  fps   8402   739.4s
it 1516/4000  reward     nan  ep_len    nan  fell    0  err_xy 0.040  std 0.253  lr 1.5e-05  fps   8301   740.8s
it 1517/4000  reward     nan  ep_len    nan  fell    0  err_xy 0.022  std 0.253  lr 7.6e-05  fps   8488   742.3s
it 1518/4000  reward     nan  ep_len    nan  fell    0  err_xy 0.016  std 0.253  lr 5.1e-05  fps   8616   743.7s
it 1519/4000  reward     nan  ep_len    nan  fell    0  err_xy 0.015  std 0.253  lr 7.6e-05  fps   8062   745.2s
it 1520/4000  reward     nan  ep_len    nan  fell    0  err_xy 0.015  std 0.253  lr 7.6e-05  fps   7986   746.8s
it 1521/4000  reward     nan  ep_len    nan  fell    0  err_xy 0.015  std 0.253  lr 5.1e-05  fps   8537   748.2s
it 1522/4000  reward     nan  ep_len    nan  fell    0  err_xy 0.014  std 0.253  lr 3.4e-05  fps   8493   749.7s
it 1523/4000  reward     nan  ep_len    nan  fell    0  err_xy 0.014  std 0.253  lr 7.6e-05  fps   8788   751.1s
it 1524/4000  reward     nan  ep_len    nan  fell    0  err_xy 0.014  std 0.253  lr 7.6e-05  fps   8814   752.5s
it 1525/4000  reward   15.92  ep_len  300.0  fell    0  err_xy 0.014  std 0.253  lr 3.4e-05  fps   6228   754.4s
it 1526/4000  reward     nan  ep_len    nan  fell    0  err_xy 0.127  std 0.253  lr 1.0e-05  fps   9162   755.8s
it 1527/4000  reward     nan  ep_len    nan  fell    0  err_xy 0.091  std 0.253  lr 3.4e-05  fps   8691   757.2s
it 1528/4000  reward     nan  ep_len    nan  fell    0  err_xy 0.055  std 0.253  lr 5.1e-05  fps   8873   758.6s
it 1529/4000  reward     nan  ep_len    nan  fell    0  err_xy 0.025  std 0.253  lr 5.1e-05  fps   8422   760.0s
it 1530/4000  reward     nan  ep_len    nan  fell    0  err_xy 0.016  std 0.253  lr 5.1e-05  fps   8510   761.5s
it 1531/4000  reward     nan  ep_len    nan  fell    0  err_xy 0.014  std 0.253  lr 5.1e-05  fps   8500   762.9s
it 1532/4000  reward     nan  ep_len    nan  fell    0  err_xy 0.014  std 0.253  lr 1.1e-04  fps   8624   764.4s
it 1533/4000  reward     nan  ep_len    nan  fell    0  err_xy 0.014  std 0.253  lr 7.6e-05  fps   8494   765.8s
it 1534/4000  reward     nan  ep_len    nan  fell    0  err_xy 0.013  std 0.253  lr 5.1e-05  fps   8711   767.2s
it 1535/4000  reward     nan  ep_len    nan  fell    0  err_xy 0.013  std 0.253  lr 7.6e-05  fps   8943   768.6s
it 1536/4000  reward     nan  ep_len    nan  fell    0  err_xy 0.013  std 0.253  lr 7.6e-05  fps   8715   770.0s
it 1537/4000  reward     nan  ep_len    nan  fell    0  err_xy 0.013  std 0.253  lr 3.4e-05  fps   8788   771.4s
it 1538/4000  reward   15.16  ep_len  300.0  fell    0  err_xy 0.080  std 0.253  lr 1.0e-05  fps   6578   773.3s
it 1539/4000  reward     nan  ep_len    nan  fell    0  err_xy 0.099  std 0.253  lr 1.0e-05  fps   8592   774.7s
it 1540/4000  reward     nan  ep_len    nan  fell    0  err_xy 0.075  std 0.253  lr 5.1e-05  fps   7981   776.2s
it 1541/4000  reward     nan  ep_len    nan  fell    0  err_xy 0.043  std 0.253  lr 5.1e-05  fps   7896   777.8s
it 1542/4000  reward     nan  ep_len    nan  fell    0  err_xy 0.020  std 0.253  lr 7.6e-05  fps   8625   779.2s
it 1543/4000  reward     nan  ep_len    nan  fell    0  err_xy 0.015  std 0.253  lr 7.6e-05  fps   8719   780.6s
it 1544/4000  reward     nan  ep_len    nan  fell    0  err_xy 0.013  std 0.253  lr 3.4e-05  fps   8352   782.1s
it 1545/4000  reward     nan  ep_len    nan  fell    0  err_xy 0.013  std 0.253  lr 7.6e-05  fps   8760   783.5s
it 1546/4000  reward     nan  ep_len    nan  fell    0  err_xy 0.013  std 0.253  lr 5.1e-05  fps   8709   784.9s
it 1547/4000  reward     nan  ep_len    nan  fell    0  err_xy 0.013  std 0.252  lr 7.6e-05  fps   8538   786.4s
it 1548/4000  reward     nan  ep_len    nan  fell    0  err_xy 0.013  std 0.252  lr 5.1e-05  fps   9035   787.7s
it 1549/4000  reward     nan  ep_len    nan  fell    0  err_xy 0.013  std 0.252  lr 3.4e-05  fps   8839   789.1s
Process SpawnProcess-3:
Process SpawnProcess-2:
Process SpawnProcess-1:
Process SpawnProcess-7:
Process SpawnProcess-8:
Traceback (most recent call last):
Traceback (most recent call last):
Traceback (most recent call last):
Traceback (most recent call last):
Traceback (most recent call last):
  File "/Users/robertonavoni/.local/share/uv/python/cpython-3.12.11-macos-aarch64-none/lib/python3.12/multiprocessing/process.py", line 314, in _bootstrap
    self.run()
  File "/Users/robertonavoni/.local/share/uv/python/cpython-3.12.11-macos-aarch64-none/lib/python3.12/multiprocessing/process.py", line 108, in run
    self._target(*self._args, **self._kwargs)
  File "/Users/robertonavoni/Desktop/Lavoro/Progetti-2026/Progetti Software/microduck-ap-ppo-sitl/tools/robots/train_velocity.py", line 315, in _worker
    conn.send(_step_envs(envs, data))
  File "/Users/robertonavoni/.local/share/uv/python/cpython-3.12.11-macos-aarch64-none/lib/python3.12/multiprocessing/connection.py", line 206, in send
    self._send_bytes(_ForkingPickler.dumps(obj))
  File "/Users/robertonavoni/.local/share/uv/python/cpython-3.12.11-macos-aarch64-none/lib/python3.12/multiprocessing/connection.py", line 420, in _send_bytes
    self._send(header)
  File "/Users/robertonavoni/.local/share/uv/python/cpython-3.12.11-macos-aarch64-none/lib/python3.12/multiprocessing/connection.py", line 384, in _send
    n = write(self._handle, buf)
        ^^^^^^^^^^^^^^^^^^^^^^^^
  File "/Users/robertonavoni/.local/share/uv/python/cpython-3.12.11-macos-aarch64-none/lib/python3.12/multiprocessing/process.py", line 314, in _bootstrap
    self.run()
  File "/Users/robertonavoni/.local/share/uv/python/cpython-3.12.11-macos-aarch64-none/lib/python3.12/multiprocessing/process.py", line 314, in _bootstrap
    self.run()
  File "/Users/robertonavoni/.local/share/uv/python/cpython-3.12.11-macos-aarch64-none/lib/python3.12/multiprocessing/process.py", line 108, in run
    self._target(*self._args, **self._kwargs)
  File "/Users/robertonavoni/Desktop/Lavoro/Progetti-2026/Progetti Software/microduck-ap-ppo-sitl/tools/robots/train_velocity.py", line 315, in _worker
    conn.send(_step_envs(envs, data))
  File "/Users/robertonavoni/.local/share/uv/python/cpython-3.12.11-macos-aarch64-none/lib/python3.12/multiprocessing/process.py", line 108, in run
    self._target(*self._args, **self._kwargs)
  File "/Users/robertonavoni/.local/share/uv/python/cpython-3.12.11-macos-aarch64-none/lib/python3.12/multiprocessing/connection.py", line 206, in send
    self._send_bytes(_ForkingPickler.dumps(obj))
  File "/Users/robertonavoni/Desktop/Lavoro/Progetti-2026/Progetti Software/microduck-ap-ppo-sitl/tools/robots/train_velocity.py", line 315, in _worker
    conn.send(_step_envs(envs, data))
  File "/Users/robertonavoni/.local/share/uv/python/cpython-3.12.11-macos-aarch64-none/lib/python3.12/multiprocessing/connection.py", line 421, in _send_bytes
    self._send(buf)
  File "/Users/robertonavoni/.local/share/uv/python/cpython-3.12.11-macos-aarch64-none/lib/python3.12/multiprocessing/connection.py", line 206, in send
    self._send_bytes(_ForkingPickler.dumps(obj))
BrokenPipeError: [Errno 32] Broken pipe
  File "/Users/robertonavoni/.local/share/uv/python/cpython-3.12.11-macos-aarch64-none/lib/python3.12/multiprocessing/connection.py", line 384, in _send
    n = write(self._handle, buf)
        ^^^^^^^^^^^^^^^^^^^^^^^^
  File "/Users/robertonavoni/.local/share/uv/python/cpython-3.12.11-macos-aarch64-none/lib/python3.12/multiprocessing/process.py", line 314, in _bootstrap
    self.run()
  File "/Users/robertonavoni/.local/share/uv/python/cpython-3.12.11-macos-aarch64-none/lib/python3.12/multiprocessing/connection.py", line 420, in _send_bytes
    self._send(header)
  File "/Users/robertonavoni/.local/share/uv/python/cpython-3.12.11-macos-aarch64-none/lib/python3.12/multiprocessing/process.py", line 108, in run
    self._target(*self._args, **self._kwargs)
  File "/Users/robertonavoni/Desktop/Lavoro/Progetti-2026/Progetti Software/microduck-ap-ppo-sitl/tools/robots/train_velocity.py", line 315, in _worker
    conn.send(_step_envs(envs, data))
  File "/Users/robertonavoni/.local/share/uv/python/cpython-3.12.11-macos-aarch64-none/lib/python3.12/multiprocessing/process.py", line 314, in _bootstrap
    self.run()
  File "/Users/robertonavoni/.local/share/uv/python/cpython-3.12.11-macos-aarch64-none/lib/python3.12/multiprocessing/connection.py", line 206, in send
    self._send_bytes(_ForkingPickler.dumps(obj))
  File "/Users/robertonavoni/.local/share/uv/python/cpython-3.12.11-macos-aarch64-none/lib/python3.12/multiprocessing/connection.py", line 421, in _send_bytes
    self._send(buf)
  File "/Users/robertonavoni/.local/share/uv/python/cpython-3.12.11-macos-aarch64-none/lib/python3.12/multiprocessing/connection.py", line 384, in _send
    n = write(self._handle, buf)
        ^^^^^^^^^^^^^^^^^^^^^^^^
BrokenPipeError: [Errno 32] Broken pipe
BrokenPipeError: [Errno 32] Broken pipe
  File "/Users/robertonavoni/.local/share/uv/python/cpython-3.12.11-macos-aarch64-none/lib/python3.12/multiprocessing/process.py", line 108, in run
    self._target(*self._args, **self._kwargs)
  File "/Users/robertonavoni/Desktop/Lavoro/Progetti-2026/Progetti Software/microduck-ap-ppo-sitl/tools/robots/train_velocity.py", line 315, in _worker
    conn.send(_step_envs(envs, data))
  File "/Users/robertonavoni/.local/share/uv/python/cpython-3.12.11-macos-aarch64-none/lib/python3.12/multiprocessing/connection.py", line 384, in _send
    n = write(self._handle, buf)
        ^^^^^^^^^^^^^^^^^^^^^^^^
  File "/Users/robertonavoni/.local/share/uv/python/cpython-3.12.11-macos-aarch64-none/lib/python3.12/multiprocessing/connection.py", line 206, in send
    self._send_bytes(_ForkingPickler.dumps(obj))
  File "/Users/robertonavoni/.local/share/uv/python/cpython-3.12.11-macos-aarch64-none/lib/python3.12/multiprocessing/connection.py", line 420, in _send_bytes
    self._send(header)
  File "/Users/robertonavoni/.local/share/uv/python/cpython-3.12.11-macos-aarch64-none/lib/python3.12/multiprocessing/connection.py", line 384, in _send
    n = write(self._handle, buf)
        ^^^^^^^^^^^^^^^^^^^^^^^^
BrokenPipeError: [Errno 32] Broken pipe
BrokenPipeError: [Errno 32] Broken pipe
Process SpawnProcess-4:
Traceback (most recent call last):
  File "/Users/robertonavoni/.local/share/uv/python/cpython-3.12.11-macos-aarch64-none/lib/python3.12/multiprocessing/process.py", line 314, in _bootstrap
    self.run()
  File "/Users/robertonavoni/.local/share/uv/python/cpython-3.12.11-macos-aarch64-none/lib/python3.12/multiprocessing/process.py", line 108, in run
    self._target(*self._args, **self._kwargs)
  File "/Users/robertonavoni/Desktop/Lavoro/Progetti-2026/Progetti Software/microduck-ap-ppo-sitl/tools/robots/train_velocity.py", line 315, in _worker
    conn.send(_step_envs(envs, data))
  File "/Users/robertonavoni/.local/share/uv/python/cpython-3.12.11-macos-aarch64-none/lib/python3.12/multiprocessing/connection.py", line 206, in send
    self._send_bytes(_ForkingPickler.dumps(obj))
  File "/Users/robertonavoni/.local/share/uv/python/cpython-3.12.11-macos-aarch64-none/lib/python3.12/multiprocessing/connection.py", line 420, in _send_bytes
    self._send(header)
  File "/Users/robertonavoni/.local/share/uv/python/cpython-3.12.11-macos-aarch64-none/lib/python3.12/multiprocessing/connection.py", line 384, in _send
    n = write(self._handle, buf)
        ^^^^^^^^^^^^^^^^^^^^^^^^
BrokenPipeError: [Errno 32] Broken pipe
Process SpawnProcess-6:
Traceback (most recent call last):
Process SpawnProcess-5:
  File "/Users/robertonavoni/.local/share/uv/python/cpython-3.12.11-macos-aarch64-none/lib/python3.12/multiprocessing/process.py", line 314, in _bootstrap
    self.run()
  File "/Users/robertonavoni/.local/share/uv/python/cpython-3.12.11-macos-aarch64-none/lib/python3.12/multiprocessing/process.py", line 108, in run
    self._target(*self._args, **self._kwargs)
  File "/Users/robertonavoni/Desktop/Lavoro/Progetti-2026/Progetti Software/microduck-ap-ppo-sitl/tools/robots/train_velocity.py", line 315, in _worker
    conn.send(_step_envs(envs, data))
  File "/Users/robertonavoni/.local/share/uv/python/cpython-3.12.11-macos-aarch64-none/lib/python3.12/multiprocessing/connection.py", line 206, in send
    self._send_bytes(_ForkingPickler.dumps(obj))
  File "/Users/robertonavoni/.local/share/uv/python/cpython-3.12.11-macos-aarch64-none/lib/python3.12/multiprocessing/connection.py", line 420, in _send_bytes
    self._send(header)
  File "/Users/robertonavoni/.local/share/uv/python/cpython-3.12.11-macos-aarch64-none/lib/python3.12/multiprocessing/connection.py", line 384, in _send
    n = write(self._handle, buf)
        ^^^^^^^^^^^^^^^^^^^^^^^^
BrokenPipeError: [Errno 32] Broken pipe
Traceback (most recent call last):
  File "/Users/robertonavoni/.local/share/uv/python/cpython-3.12.11-macos-aarch64-none/lib/python3.12/multiprocessing/process.py", line 314, in _bootstrap
    self.run()
  File "/Users/robertonavoni/.local/share/uv/python/cpython-3.12.11-macos-aarch64-none/lib/python3.12/multiprocessing/process.py", line 108, in run
    self._target(*self._args, **self._kwargs)
  File "/Users/robertonavoni/Desktop/Lavoro/Progetti-2026/Progetti Software/microduck-ap-ppo-sitl/tools/robots/train_velocity.py", line 315, in _worker
    conn.send(_step_envs(envs, data))
  File "/Users/robertonavoni/.local/share/uv/python/cpython-3.12.11-macos-aarch64-none/lib/python3.12/multiprocessing/connection.py", line 206, in send
    self._send_bytes(_ForkingPickler.dumps(obj))
  File "/Users/robertonavoni/.local/share/uv/python/cpython-3.12.11-macos-aarch64-none/lib/python3.12/multiprocessing/connection.py", line 420, in _send_bytes
    self._send(header)
  File "/Users/robertonavoni/.local/share/uv/python/cpython-3.12.11-macos-aarch64-none/lib/python3.12/multiprocessing/connection.py", line 384, in _send
    n = write(self._handle, buf)
        ^^^^^^^^^^^^^^^^^^^^^^^^
BrokenPipeError: [Errno 32] Broken pipe
