gesture getup_discover: std [0.5, 0.5, 0.5, 0.5, 0.5, 0.5, 0.5, 0.5, 0.5, 0.5, 0.5, 0.5, 0.5, 0.5, 0.5, 0.5, 0.5, 0.5], fixed learning rate, qat=off
getup_discover assist start 4.82 N (mass=0.819 kg, stand_head_z=0.294)
eval iteration 0:
  prone          success   0.0%  time 8.00s  peak_τ 0.41 Nm  return 15.29
  supine         success   0.0%  time 8.00s  peak_τ 0.10 Nm  return 3.82
  score 0.000
/Users/robertonavoni/Desktop/Lavoro/Progetti-2026/Progetti Software/microduck-ap-ppo-sitl/tools/robots/train_velocity.py:797: UserWarning: Converting a tensor with requires_grad=True to a scalar may lead to unexpected behavior.
Consider using tensor.detach() first. (Triggered internally at /Users/runner/work/pytorch/pytorch/torch/csrc/autograd/generated/python_variable_methods.cpp:821.)
  "Policy/mean_std": float(log_std.exp().mean()),
it    1/120  reward     nan  ep_len    nan  fell    0  err_xy 0.101  std 0.500  lr 3.0e-04  fps   3431     0.1s
it    2/120  reward     nan  ep_len    nan  fell    0  err_xy 0.085  std 0.501  lr 3.0e-04  fps   3895     0.2s
it    3/120  reward     nan  ep_len    nan  fell    0  err_xy 0.062  std 0.501  lr 3.0e-04  fps   3230     0.3s
it    4/120  reward     nan  ep_len    nan  fell    0  err_xy 0.057  std 0.501  lr 3.0e-04  fps   3523     0.4s
it    5/120  reward     nan  ep_len    nan  fell    0  err_xy 0.058  std 0.502  lr 3.0e-04  fps   3841     0.5s
it    6/120  reward     nan  ep_len    nan  fell    0  err_xy 0.059  std 0.502  lr 3.0e-04  fps   3820     0.6s
it    7/120  reward     nan  ep_len    nan  fell    0  err_xy 0.065  std 0.502  lr 3.0e-04  fps   3941     0.7s
it    8/120  reward     nan  ep_len    nan  fell    0  err_xy 0.064  std 0.503  lr 3.0e-04  fps   3937     0.8s
it    9/120  reward     nan  ep_len    nan  fell    0  err_xy 0.069  std 0.503  lr 3.0e-04  fps   3304     1.0s
it   10/120  reward     nan  ep_len    nan  fell    0  err_xy 0.078  std 0.504  lr 3.0e-04  fps   3948     1.0s
it   11/120  reward     nan  ep_len    nan  fell    0  err_xy 0.072  std 0.504  lr 3.0e-04  fps   3958     1.1s
it   12/120  reward     nan  ep_len    nan  fell    0  err_xy 0.066  std 0.504  lr 3.0e-04  fps   3970     1.2s
it   13/120  reward     nan  ep_len    nan  fell    0  err_xy 0.064  std 0.505  lr 3.0e-04  fps   4002     1.3s
it   14/120  reward     nan  ep_len    nan  fell    0  err_xy 0.065  std 0.505  lr 3.0e-04  fps   3980     1.4s
it   15/120  reward     nan  ep_len    nan  fell    0  err_xy 0.066  std 0.505  lr 3.0e-04  fps   3990     1.5s
it   16/120  reward     nan  ep_len    nan  fell    0  err_xy 0.070  std 0.506  lr 3.0e-04  fps   3809     1.6s
it   17/120  reward   17.36  ep_len  400.0  fell    0  err_xy 0.078  std 0.506  lr 3.0e-04  fps   3155     1.8s
it   18/120  reward     nan  ep_len    nan  fell    0  err_xy 0.097  std 0.506  lr 3.0e-04  fps   3953     1.9s
it   19/120  reward     nan  ep_len    nan  fell    0  err_xy 0.081  std 0.507  lr 3.0e-04  fps   3897     2.0s
it   20/120  reward     nan  ep_len    nan  fell    0  err_xy 0.079  std 0.507  lr 3.0e-04  fps   3979     2.0s
it   21/120  reward     nan  ep_len    nan  fell    0  err_xy 0.092  std 0.508  lr 3.0e-04  fps   3803     2.1s
it   22/120  reward     nan  ep_len    nan  fell    0  err_xy 0.105  std 0.508  lr 3.0e-04  fps   3781     2.3s
it   23/120  reward     nan  ep_len    nan  fell    0  err_xy 0.084  std 0.508  lr 3.0e-04  fps   3755     2.4s
it   24/120  reward     nan  ep_len    nan  fell    0  err_xy 0.077  std 0.509  lr 3.0e-04  fps   3811     2.5s
it   25/120  reward     nan  ep_len    nan  fell    0  err_xy 0.080  std 0.509  lr 3.0e-04  fps   3785     2.6s
it   26/120  reward     nan  ep_len    nan  fell    0  err_xy 0.100  std 0.509  lr 3.0e-04  fps   3860     2.7s
it   27/120  reward     nan  ep_len    nan  fell    0  err_xy 0.062  std 0.509  lr 3.0e-04  fps   3933     2.8s
it   28/120  reward     nan  ep_len    nan  fell    0  err_xy 0.069  std 0.509  lr 3.0e-04  fps   4027     2.8s
it   29/120  reward     nan  ep_len    nan  fell    0  err_xy 0.064  std 0.510  lr 3.0e-04  fps   3902     2.9s
it   30/120  reward     nan  ep_len    nan  fell    0  err_xy 0.066  std 0.510  lr 3.0e-04  fps   3711     3.1s
it   31/120  reward     nan  ep_len    nan  fell    0  err_xy 0.069  std 0.511  lr 3.0e-04  fps   2289     3.2s
it   32/120  reward     nan  ep_len    nan  fell    0  err_xy 0.072  std 0.511  lr 3.0e-04  fps   3521     3.3s
it   33/120  reward     nan  ep_len    nan  fell    0  err_xy 0.071  std 0.511  lr 3.0e-04  fps   3916     3.4s
it   34/120  reward   18.88  ep_len  400.0  fell    0  err_xy 0.084  std 0.512  lr 3.0e-04  fps   3116     3.6s
it   35/120  reward     nan  ep_len    nan  fell    0  err_xy 0.097  std 0.512  lr 3.0e-04  fps   3937     3.6s
it   36/120  reward     nan  ep_len    nan  fell    0  err_xy 0.096  std 0.512  lr 3.0e-04  fps   3945     3.7s
it   37/120  reward     nan  ep_len    nan  fell    0  err_xy 0.086  std 0.512  lr 3.0e-04  fps   3933     3.8s
it   38/120  reward     nan  ep_len    nan  fell    0  err_xy 0.085  std 0.512  lr 3.0e-04  fps   3948     3.9s
it   39/120  reward     nan  ep_len    nan  fell    0  err_xy 0.068  std 0.513  lr 3.0e-04  fps   3889     4.1s
it   40/120  reward     nan  ep_len    nan  fell    0  err_xy 0.070  std 0.513  lr 3.0e-04  fps   3887     4.2s
it   41/120  reward     nan  ep_len    nan  fell    0  err_xy 0.075  std 0.513  lr 3.0e-04  fps   3897     4.3s
it   42/120  reward     nan  ep_len    nan  fell    0  err_xy 0.071  std 0.514  lr 3.0e-04  fps   3850     4.4s
it   43/120  reward     nan  ep_len    nan  fell    0  err_xy 0.074  std 0.514  lr 3.0e-04  fps   3962     4.5s
it   44/120  reward     nan  ep_len    nan  fell    0  err_xy 0.074  std 0.515  lr 3.0e-04  fps   4001     4.6s
it   45/120  reward     nan  ep_len    nan  fell    0  err_xy 0.075  std 0.515  lr 3.0e-04  fps   3993     4.7s
it   46/120  reward     nan  ep_len    nan  fell    0  err_xy 0.075  std 0.516  lr 3.0e-04  fps   4051     4.8s
it   47/120  reward     nan  ep_len    nan  fell    0  err_xy 0.079  std 0.516  lr 3.0e-04  fps   3891     4.9s
it   48/120  reward     nan  ep_len    nan  fell    0  err_xy 0.069  std 0.517  lr 3.0e-04  fps   3923     5.0s
it   49/120  reward     nan  ep_len    nan  fell    0  err_xy 0.072  std 0.517  lr 3.0e-04  fps   3896     5.1s
it   50/120  reward   33.72  ep_len  400.0  fell    0  err_xy 0.063  std 0.517  lr 3.0e-04  fps   3208     5.2s
eval iteration 50:
  prone          success   0.0%  time 8.00s  peak_τ 0.51 Nm  return -3.31
  supine         success   0.0%  time 8.00s  peak_τ 0.28 Nm  return 0.84
  score 0.000
it   51/120  reward     nan  ep_len    nan  fell    0  err_xy 0.132  std 0.517  lr 3.0e-04  fps   3821     7.1s
it   52/120  reward     nan  ep_len    nan  fell    0  err_xy 0.156  std 0.517  lr 3.0e-04  fps   3949     7.2s
it   53/120  reward     nan  ep_len    nan  fell    0  err_xy 0.159  std 0.517  lr 3.0e-04  fps   3986     7.2s
it   54/120  reward     nan  ep_len    nan  fell    0  err_xy 0.149  std 0.518  lr 3.0e-04  fps   3983     7.3s
it   55/120  reward     nan  ep_len    nan  fell    0  err_xy 0.105  std 0.518  lr 3.0e-04  fps   3949     7.4s
it   56/120  reward     nan  ep_len    nan  fell    0  err_xy 0.090  std 0.518  lr 3.0e-04  fps   3879     7.5s
it   57/120  reward     nan  ep_len    nan  fell    0  err_xy 0.082  std 0.519  lr 3.0e-04  fps   3824     7.6s
it   58/120  reward     nan  ep_len    nan  fell    0  err_xy 0.068  std 0.519  lr 3.0e-04  fps   3847     7.7s
it   59/120  reward     nan  ep_len    nan  fell    0  err_xy 0.060  std 0.520  lr 3.0e-04  fps   3884     7.8s
it   60/120  reward     nan  ep_len    nan  fell    0  err_xy 0.057  std 0.520  lr 3.0e-04  fps   3669     7.9s
it   61/120  reward     nan  ep_len    nan  fell    0  err_xy 0.050  std 0.520  lr 3.0e-04  fps   3687     8.1s
it   62/120  reward     nan  ep_len    nan  fell    0  err_xy 0.054  std 0.521  lr 3.0e-04  fps   3764     8.2s
it   63/120  reward     nan  ep_len    nan  fell    0  err_xy 0.058  std 0.521  lr 3.0e-04  fps   3770     8.3s
it   64/120  reward     nan  ep_len    nan  fell    0  err_xy 0.058  std 0.521  lr 3.0e-04  fps   3705     8.4s
it   65/120  reward     nan  ep_len    nan  fell    0  err_xy 0.060  std 0.521  lr 3.0e-04  fps   3658     8.5s
it   66/120  reward     nan  ep_len    nan  fell    0  err_xy 0.057  std 0.522  lr 3.0e-04  fps   3846     8.6s
it   67/120  reward   36.32  ep_len  400.0  fell    0  err_xy 0.105  std 0.522  lr 3.0e-04  fps   3157     8.7s
it   68/120  reward     nan  ep_len    nan  fell    0  err_xy 0.188  std 0.522  lr 3.0e-04  fps   3999     8.8s
it   69/120  reward     nan  ep_len    nan  fell    0  err_xy 0.170  std 0.522  lr 3.0e-04  fps   3639     8.9s
it   70/120  reward     nan  ep_len    nan  fell    0  err_xy 0.102  std 0.523  lr 3.0e-04  fps   3835     9.0s
it   71/120  reward     nan  ep_len    nan  fell    0  err_xy 0.092  std 0.523  lr 3.0e-04  fps   3838     9.1s
it   72/120  reward     nan  ep_len    nan  fell    0  err_xy 0.078  std 0.523  lr 3.0e-04  fps   3905     9.2s
it   73/120  reward     nan  ep_len    nan  fell    0  err_xy 0.074  std 0.524  lr 3.0e-04  fps   3860     9.3s
it   74/120  reward     nan  ep_len    nan  fell    0  err_xy 0.072  std 0.524  lr 3.0e-04  fps   3854     9.4s
it   75/120  reward     nan  ep_len    nan  fell    0  err_xy 0.087  std 0.524  lr 3.0e-04  fps   3866     9.5s
it   76/120  reward     nan  ep_len    nan  fell    0  err_xy 0.077  std 0.524  lr 3.0e-04  fps   3908     9.6s
it   77/120  reward     nan  ep_len    nan  fell    0  err_xy 0.086  std 0.525  lr 3.0e-04  fps   3923     9.7s
it   78/120  reward     nan  ep_len    nan  fell    0  err_xy 0.087  std 0.525  lr 3.0e-04  fps   3892     9.8s
it   79/120  reward     nan  ep_len    nan  fell    0  err_xy 0.104  std 0.526  lr 3.0e-04  fps   3951     9.9s
it   80/120  reward     nan  ep_len    nan  fell    0  err_xy 0.104  std 0.526  lr 3.0e-04  fps   3971    10.0s
it   81/120  reward     nan  ep_len    nan  fell    0  err_xy 0.124  std 0.526  lr 3.0e-04  fps   3932    10.1s
it   82/120  reward     nan  ep_len    nan  fell    0  err_xy 0.111  std 0.526  lr 3.0e-04  fps   3945    10.2s
it   83/120  reward     nan  ep_len    nan  fell    0  err_xy 0.086  std 0.527  lr 3.0e-04  fps   3929    10.3s
it   84/120  reward   32.57  ep_len  400.0  fell    0  err_xy 0.175  std 0.527  lr 3.0e-04  fps   3207    10.4s
it   85/120  reward     nan  ep_len    nan  fell    0  err_xy 0.212  std 0.527  lr 3.0e-04  fps   3969    10.5s
it   86/120  reward     nan  ep_len    nan  fell    0  err_xy 0.212  std 0.528  lr 3.0e-04  fps   3963    10.6s
it   87/120  reward     nan  ep_len    nan  fell    0  err_xy 0.160  std 0.528  lr 3.0e-04  fps   3936    10.7s
it   88/120  reward     nan  ep_len    nan  fell    0  err_xy 0.157  std 0.528  lr 3.0e-04  fps   3943    10.8s
it   89/120  reward     nan  ep_len    nan  fell    0  err_xy 0.111  std 0.529  lr 3.0e-04  fps   3807    10.9s
it   90/120  reward     nan  ep_len    nan  fell    0  err_xy 0.100  std 0.529  lr 3.0e-04  fps   3882    11.0s
it   91/120  reward     nan  ep_len    nan  fell    0  err_xy 0.123  std 0.530  lr 3.0e-04  fps   3276    11.1s
it   92/120  reward     nan  ep_len    nan  fell    0  err_xy 0.107  std 0.530  lr 3.0e-04  fps   3923    11.2s
it   93/120  reward     nan  ep_len    nan  fell    0  err_xy 0.112  std 0.531  lr 3.0e-04  fps   3930    11.3s
it   94/120  reward     nan  ep_len    nan  fell    0  err_xy 0.112  std 0.531  lr 3.0e-04  fps   3943    11.4s
it   95/120  reward     nan  ep_len    nan  fell    0  err_xy 0.087  std 0.532  lr 3.0e-04  fps   3914    11.5s
it   96/120  reward     nan  ep_len    nan  fell    0  err_xy 0.077  std 0.532  lr 3.0e-04  fps   3898    11.6s
it   97/120  reward     nan  ep_len    nan  fell    0  err_xy 0.082  std 0.532  lr 3.0e-04  fps   3918    11.7s
it   98/120  reward     nan  ep_len    nan  fell    0  err_xy 0.077  std 0.533  lr 3.0e-04  fps   3945    11.8s
it   99/120  reward     nan  ep_len    nan  fell    0  err_xy 0.075  std 0.534  lr 3.0e-04  fps   3874    11.9s
it  100/120  reward   31.93  ep_len  400.0  fell    0  err_xy 0.074  std 0.534  lr 3.0e-04  fps   3088    12.0s
eval iteration 100:
  prone          success   0.0%  time 8.00s  peak_τ 0.70 Nm  return -1.90
  supine         success   0.0%  time 8.00s  peak_τ 0.50 Nm  return -5.18
  score 0.000
it  101/120  reward     nan  ep_len    nan  fell    0  err_xy 0.190  std 0.534  lr 3.0e-04  fps   3895    13.9s
it  102/120  reward     nan  ep_len    nan  fell    0  err_xy 0.146  std 0.535  lr 3.0e-04  fps   3438    14.0s
it  103/120  reward     nan  ep_len    nan  fell    0  err_xy 0.162  std 0.535  lr 3.0e-04  fps   3331    14.1s
it  104/120  reward     nan  ep_len    nan  fell    0  err_xy 0.098  std 0.535  lr 3.0e-04  fps   3625    14.2s
it  105/120  reward     nan  ep_len    nan  fell    0  err_xy 0.085  std 0.535  lr 3.0e-04  fps   3285    14.3s
it  106/120  reward     nan  ep_len    nan  fell    0  err_xy 0.083  std 0.536  lr 3.0e-04  fps   3422    14.5s
it  107/120  reward     nan  ep_len    nan  fell    0  err_xy 0.077  std 0.536  lr 3.0e-04  fps   3548    14.6s
it  108/120  reward     nan  ep_len    nan  fell    0  err_xy 0.091  std 0.537  lr 3.0e-04  fps   3758    14.7s
it  109/120  reward     nan  ep_len    nan  fell    0  err_xy 0.085  std 0.537  lr 3.0e-04  fps   2998    14.8s
it  110/120  reward     nan  ep_len    nan  fell    0  err_xy 0.080  std 0.538  lr 3.0e-04  fps   3903    14.9s
it  111/120  reward     nan  ep_len    nan  fell    0  err_xy 0.073  std 0.539  lr 3.0e-04  fps   3866    15.0s
it  112/120  reward     nan  ep_len    nan  fell    0  err_xy 0.062  std 0.539  lr 3.0e-04  fps   3882    15.1s
it  113/120  reward     nan  ep_len    nan  fell    0  err_xy 0.063  std 0.540  lr 3.0e-04  fps   3882    15.2s
it  114/120  reward     nan  ep_len    nan  fell    0  err_xy 0.062  std 0.540  lr 3.0e-04  fps   3239    15.3s
it  115/120  reward     nan  ep_len    nan  fell    0  err_xy 0.065  std 0.541  lr 3.0e-04  fps   3635    15.4s
it  116/120  reward     nan  ep_len    nan  fell    0  err_xy 0.061  std 0.541  lr 3.0e-04  fps   3975    15.5s
it  117/120  reward   39.69  ep_len  400.0  fell    0  err_xy 0.110  std 0.541  lr 3.0e-04  fps   3170    15.6s
it  118/120  reward     nan  ep_len    nan  fell    0  err_xy 0.171  std 0.541  lr 3.0e-04  fps   3680    15.7s
it  119/120  reward     nan  ep_len    nan  fell    0  err_xy 0.159  std 0.542  lr 3.0e-04  fps   3738    15.8s
it  120/120  reward     nan  ep_len    nan  fell    0  err_xy 0.150  std 0.542  lr 3.0e-04  fps   3841    15.9s
eval iteration 120:
  prone          success   0.0%  time 8.00s  peak_τ 0.69 Nm  return 1.15
  supine         success   0.0%  time 8.00s  peak_τ 0.51 Nm  return -6.29
  score 0.000
best 1: iteration 0 score 0.000
best 2: iteration 50 score 0.000
best 3: iteration 100 score 0.000
policy file robots/microban/policies/getup_discover.nnm = checkpoint of iteration 0 (score 0.000)
wrote robots/microban/policies/getup_discover.nnm (211530 bytes). last iteration: max |train - deployed| = 5.86e-03
final evaluation of getup_discover.nnm (iteration 0, deployed int8 network):
  prone          success   0.0%  time 7.00s  peak_τ 0.41 Nm  return 14.82
  supine         success   0.0%  time 7.00s  peak_τ 0.10 Nm  return 3.41
  score 0.000
curves: robots/microban/policies/getup_discover_run/training_curves.png
